<html>
<body>
<pre>
<h1>µVision Build Log</h1>
<h2>Tool Versions:</h2>
IDE-Version: ¦ÌVision V5.27.1.0
Copyright (C) 2019 ARM Ltd and ARM Germany GmbH. All rights reserved.
License Information: 1 Sunbo, 1, LIC=76F5U-S6A2W-45TT5-GXU0Q-MF38D-DYIK3
 
Tool Versions:
Toolchain:       MDK-ARM Plus  Version: 5.25.2.0
Toolchain Path:  C:\Keil_v5\ARM\ARMCC\Bin
C Compiler:      Armcc.exe V5.06 update 6 (build 750)
Assembler:       Armasm.exe V5.06 update 6 (build 750)
Linker/Locator:  ArmLink.exe V5.06 update 6 (build 750)
Library Manager: ArmAr.exe V5.06 update 6 (build 750)
Hex Converter:   FromElf.exe V5.06 update 6 (build 750)
CPU DLL:         SARMCM3.DLL V5.25.2.0
Dialog DLL:      DARMCM1.DLL V1.19.1.0
Target DLL:      Segger\JL2CM3.dll V2.99.29.0
Dialog DLL:      TARMCM1.DLL V1.14.0.0
 
<h2>Project:</h2>
D:\My Documents\__º½Ë³_HK32L08x×ÊÁÏ\HK32L08x_SDK_2024-12-02_V1.0.4\Projects\Board_HK32L0xx_EVAL_Examples\ADC\ADC_LowPower\MDK-ARM\HK32L0xx.uvprojx
Project File Date:  02/15/2025

<h2>Output:</h2>
*** Using Compiler 'V5.06 update 6 (build 750)', folder: 'C:\Keil_v5\ARM\ARMCC\Bin'
Rebuild target 'HK32L0xx_Demo'
assembling KEIL_Startup_hk32l0xx.s...
compiling hk32l0xx_divsqrt.c...
compiling main.c...
compiling hk32l0xx_clu.c...
compiling hk32l0xx_adc.c...
compiling hk32l0xx_crc.c...
compiling hk32l0xx_beep.c...
compiling hk32l0xx_dbgmcu.c...
compiling hk32l0xx_comp.c...
compiling system_hk32l0xx.c...
compiling hk32l0xx_dma.c...
compiling hk32l0xx_eeprom.c...
compiling hk32l0xx_aes.c...
compiling hk32l0xx_it.c...
compiling hk32l0xx_dac.c...
compiling hk32l0xx_can.c...
compiling hk32l0xx_iwdg.c...
compiling hk32l0xx_irtim.c...
compiling hk32l0xx_lcd.c...
compiling hk32l0xx_opamp.c...
compiling hk32l0xx_emacc.c...
compiling hk32l0xx_exti.c...
compiling hk32l0xx_lpuart.c...
compiling hk32l0xx_gpio.c...
compiling hk32l0xx_misc.c...
compiling hk32l0xx_i2c.c...
compiling hk32l0xx_flash.c...
compiling hk32l0xx_spi.c...
compiling hk32l0xx_pwr.c...
compiling hk32l0xx_rcc.c...
compiling hk32l0xx_rtc.c...
compiling hk32l0xx_syscfg.c...
compiling hk32l0xx_trng.c...
compiling hk32l0xx_wwdg.c...
compiling hk32l0xx_usart.c...
compiling hk32l0xx_tim.c...
compiling hk32l0xx_eval.c...
linking...
Program Size: Code=5004 RO-data=280 RW-data=76 ZI-data=2052  
FromELF: creating hex file...
".\Objects\HK32L0xx_Demo.axf" - 0 Error(s), 0 Warning(s).

<h2>Software Packages used:</h2>

Package Vendor: HKMicroChip
                http://www.hsxp-hk.com/companyfile/2/HKMicroChip.HK32L0xx_DFP.1.0.9.pack
                HKMicroChip.HK32L0xx_DFP.1.0.9
                HKMicroChip HK32L0xx ARM Cortex-M0 Device Family Pack Device Support

<h2>Collection of Component include folders:</h2>
  .\RTE\_HK32L0xx_Demo

<h2>Collection of Component Files used:</h2>
Build Time Elapsed:  00:00:05
</pre>
</body>
</html>
