Component: ARM Compiler 5.06 update 6 (build 750) Tool: armlink [4d35ed]

==============================================================================

Section Cross References

    keil_startup_hk32l0xx.o(RESET) refers to keil_startup_hk32l0xx.o(STACK) for __initial_sp
    keil_startup_hk32l0xx.o(RESET) refers to keil_startup_hk32l0xx.o(.text) for Reset_Handler
    keil_startup_hk32l0xx.o(RESET) refers to hk32l0xx_it.o(i.NMI_Handler) for NMI_Handler
    keil_startup_hk32l0xx.o(RESET) refers to hk32l0xx_it.o(i.HardFault_Handler) for HardFault_Handler
    keil_startup_hk32l0xx.o(RESET) refers to hk32l0xx_it.o(i.SVC_Handler) for SVC_Handler
    keil_startup_hk32l0xx.o(RESET) refers to hk32l0xx_it.o(i.PendSV_Handler) for PendSV_Handler
    keil_startup_hk32l0xx.o(RESET) refers to hk32l0xx_it.o(i.SysTick_Handler) for SysTick_Handler
    keil_startup_hk32l0xx.o(RESET) refers to hk32l0xx_it.o(i.ADC_COMP_IRQHandler) for ADC_COMP_IRQHandler
    keil_startup_hk32l0xx.o(.text) refers to system_hk32l0xx.o(i.SystemInit) for SystemInit
    keil_startup_hk32l0xx.o(.text) refers to entry.o(.ARM.Collect$$$$00000000) for __main
    main.o(i.ADC_Config) refers to hk32l0xx_rcc.o(i.RCC_AHBPeriphClockCmd) for RCC_AHBPeriphClockCmd
    main.o(i.ADC_Config) refers to hk32l0xx_rcc.o(i.RCC_APB2PeriphClockCmd) for RCC_APB2PeriphClockCmd
    main.o(i.ADC_Config) refers to hk32l0xx_gpio.o(i.GPIO_Init) for GPIO_Init
    main.o(i.ADC_Config) refers to hk32l0xx_adc.o(i.ADC_DeInit) for ADC_DeInit
    main.o(i.ADC_Config) refers to hk32l0xx_adc.o(i.ADC_Init) for ADC_Init
    main.o(i.ADC_Config) refers to hk32l0xx_adc.o(i.ADC_ChannelConfig) for ADC_ChannelConfig
    main.o(i.ADC_Config) refers to hk32l0xx_adc.o(i.ADC_GetCalibrationFactor) for ADC_GetCalibrationFactor
    main.o(i.ADC_Config) refers to hk32l0xx_adc.o(i.ADC_ITConfig) for ADC_ITConfig
    main.o(i.ADC_Config) refers to hk32l0xx_misc.o(i.NVIC_Init) for NVIC_Init
    main.o(i.ADC_Config) refers to hk32l0xx_adc.o(i.ADC_Cmd) for ADC_Cmd
    main.o(i.ADC_Config) refers to hk32l0xx_adc.o(i.ADC_GetFlagStatus) for ADC_GetFlagStatus
    main.o(i.ADC_Config) refers to hk32l0xx_adc.o(i.ADC_WaitModeCmd) for ADC_WaitModeCmd
    main.o(i.ADC_Config) refers to hk32l0xx_adc.o(i.ADC_StartOfConversion) for ADC_StartOfConversion
    main.o(i.ADC_Config) refers to hk32l0xx_adc.o(i.ADC_AutoPowerOffCmd) for ADC_AutoPowerOffCmd
    main.o(i.Display) refers to idiv.o(.text) for __aeabi_idivmod
    main.o(i.Display) refers to printf1.o(i.__0printf$1) for __2printf
    main.o(i.Display) refers to main.o(.data) for ADC1ConvertedVoltage
    main.o(i.TIM_Config) refers to hk32l0xx_rcc.o(i.RCC_APB1PeriphClockCmd) for RCC_APB1PeriphClockCmd
    main.o(i.TIM_Config) refers to hk32l0xx_tim.o(i.TIM_DeInit) for TIM_DeInit
    main.o(i.TIM_Config) refers to hk32l0xx_tim.o(i.TIM_TimeBaseStructInit) for TIM_TimeBaseStructInit
    main.o(i.TIM_Config) refers to hk32l0xx_tim.o(i.TIM_OCStructInit) for TIM_OCStructInit
    main.o(i.TIM_Config) refers to uidiv.o(.text) for __aeabi_uidivmod
    main.o(i.TIM_Config) refers to hk32l0xx_tim.o(i.TIM_TimeBaseInit) for TIM_TimeBaseInit
    main.o(i.TIM_Config) refers to hk32l0xx_tim.o(i.TIM_SelectOutputTrigger) for TIM_SelectOutputTrigger
    main.o(i.TIM_Config) refers to hk32l0xx_tim.o(i.TIM_Cmd) for TIM_Cmd
    main.o(i.TIM_Config) refers to system_hk32l0xx.o(.data) for SystemCoreClock
    main.o(i.USART_Config) refers to hk32l0xx_eval.o(i.HK_EVAL_COMInit) for HK_EVAL_COMInit
    main.o(i.main) refers to hk32l0xx_eval.o(i.HK_EVAL_LEDInit) for HK_EVAL_LEDInit
    main.o(i.main) refers to main.o(i.ADC_Config) for ADC_Config
    main.o(i.main) refers to main.o(i.TIM_Config) for TIM_Config
    main.o(i.main) refers to main.o(i.USART_Config) for USART_Config
    main.o(i.main) refers to hk32l0xx_adc.o(i.ADC_GetFlagStatus) for ADC_GetFlagStatus
    main.o(i.main) refers to hk32l0xx_adc.o(i.ADC_GetConversionValue) for ADC_GetConversionValue
    main.o(i.main) refers to idiv.o(.text) for __aeabi_idivmod
    main.o(i.main) refers to main.o(i.Display) for Display
    main.o(i.main) refers to main.o(.data) for ADC1ConvertedValue
    hk32l0xx_it.o(i.ADC_COMP_IRQHandler) refers to hk32l0xx_adc.o(i.ADC_GetITStatus) for ADC_GetITStatus
    hk32l0xx_it.o(i.ADC_COMP_IRQHandler) refers to hk32l0xx_eval.o(i.HK_EVAL_LEDOn) for HK_EVAL_LEDOn
    hk32l0xx_it.o(i.ADC_COMP_IRQHandler) refers to hk32l0xx_adc.o(i.ADC_ClearITPendingBit) for ADC_ClearITPendingBit
    system_hk32l0xx.o(i.SetSysClock) refers to system_hk32l0xx.o(i.LoadOptionData_BGPLDO_to_Pmu) for LoadOptionData_BGPLDO_to_Pmu
    system_hk32l0xx.o(i.SetSysClock) refers to system_hk32l0xx.o(i.SetSysClockTo48_HSE8M_PLL) for SetSysClockTo48_HSE8M_PLL
    system_hk32l0xx.o(i.SystemCoreClockUpdate) refers to uidiv.o(.text) for __aeabi_uidivmod
    system_hk32l0xx.o(i.SystemCoreClockUpdate) refers to system_hk32l0xx.o(.data) for SystemCoreClock
    system_hk32l0xx.o(i.SystemInit) refers to system_hk32l0xx.o(i.SetSysClock) for SetSysClock
[...]
    Removing hk32l0xx_eeprom.o(i.I2C_EepromPageWrite), (276 bytes).
    Removing hk32l0xx_eeprom.o(i.I2C_EepromWaitEepromStandbyState), (100 bytes).
    Removing hk32l0xx_emacc.o(.rev16_text), (4 bytes).
    Removing hk32l0xx_emacc.o(.revsh_text), (4 bytes).
    Removing hk32l0xx_emacc.o(i.EMACC_Cal), (144 bytes).
    Removing hk32l0xx_emacc.o(i.EMACC_ClearFlag), (16 bytes).
    Removing hk32l0xx_emacc.o(i.EMACC_Cmd), (44 bytes).
    Removing hk32l0xx_emacc.o(i.EMACC_DeInit), (22 bytes).
    Removing hk32l0xx_emacc.o(i.EMACC_GetClarkeOutIalpha), (12 bytes).
    Removing hk32l0xx_emacc.o(i.EMACC_GetClarkeOutIbeta), (12 bytes).
    Removing hk32l0xx_emacc.o(i.EMACC_GetCordicOutCosx), (12 bytes).
    Removing hk32l0xx_emacc.o(i.EMACC_GetCordicOutSinx), (12 bytes).
    Removing hk32l0xx_emacc.o(i.EMACC_GetFlag), (28 bytes).
    Removing hk32l0xx_emacc.o(i.EMACC_GetPIDOutVd), (12 bytes).
    Removing hk32l0xx_emacc.o(i.EMACC_GetPIDOutVq), (12 bytes).
    Removing hk32l0xx_emacc.o(i.EMACC_GetParkOutId), (12 bytes).
    Removing hk32l0xx_emacc.o(i.EMACC_GetParkOutIq), (12 bytes).
    Removing hk32l0xx_emacc.o(i.EMACC_GetRevParkOutValpha), (12 bytes).
    Removing hk32l0xx_emacc.o(i.EMACC_GetRevParkOutVbeta), (12 bytes).
    Removing hk32l0xx_emacc.o(i.EMACC_Init), (180 bytes).
    Removing hk32l0xx_emacc.o(i.EMACC_SetClarke), (16 bytes).
    Removing hk32l0xx_emacc.o(i.EMACC_SetEleAngle), (12 bytes).
    Removing hk32l0xx_emacc.o(.data), (130 bytes).
    Removing hk32l0xx_exti.o(.rev16_text), (4 bytes).
    Removing hk32l0xx_exti.o(.revsh_text), (4 bytes).
    Removing hk32l0xx_exti.o(i.EXTI_ClearFlag), (12 bytes).
    Removing hk32l0xx_exti.o(i.EXTI_ClearITPendingBit), (12 bytes).
    Removing hk32l0xx_exti.o(i.EXTI_DeInit), (32 bytes).
    Removing hk32l0xx_exti.o(i.EXTI_GenerateSWInterrupt), (16 bytes).
    Removing hk32l0xx_exti.o(i.EXTI_GetFlagStatus), (28 bytes).
    Removing hk32l0xx_exti.o(i.EXTI_GetITStatus), (28 bytes).
    Removing hk32l0xx_exti.o(i.EXTI_Init), (136 bytes).
    Removing hk32l0xx_exti.o(i.EXTI_StructInit), (16 bytes).
    Removing hk32l0xx_flash.o(.rev16_text), (4 bytes).
    Removing hk32l0xx_flash.o(.revsh_text), (4 bytes).
    Removing hk32l0xx_flash.o(i.FLASH_ClearFlag), (56 bytes).
    Removing hk32l0xx_flash.o(i.FLASH_EccConfig), (40 bytes).
    Removing hk32l0xx_flash.o(i.FLASH_EraseAllPages), (72 bytes).
    Removing hk32l0xx_flash.o(i.FLASH_ErasePage), (76 bytes).
    Removing hk32l0xx_flash.o(i.FLASH_GetFlagStatus), (28 bytes).
    Removing hk32l0xx_flash.o(i.FLASH_GetPrefetchBufferStatus), (28 bytes).
    Removing hk32l0xx_flash.o(i.FLASH_GetStatus), (72 bytes).
    Removing hk32l0xx_flash.o(i.FLASH_HalfErasePage), (80 bytes).
    Removing hk32l0xx_flash.o(i.FLASH_ITConfig), (32 bytes).
    Removing hk32l0xx_flash.o(i.FLASH_Lock), (20 bytes).
    Removing hk32l0xx_flash.o(i.FLASH_OptionByteConfig), (112 bytes).
    Removing hk32l0xx_flash.o(i.FLASH_OptionByteEnableWRP), (140 bytes).
    Removing hk32l0xx_flash.o(i.FLASH_OptionByteErase), (164 bytes).
    Removing hk32l0xx_flash.o(i.FLASH_OptionByteGetRDP), (28 bytes).
    Removing hk32l0xx_flash.o(i.FLASH_OptionByteGetUser), (16 bytes).
    Removing hk32l0xx_flash.o(i.FLASH_OptionByteGetWRP), (12 bytes).
    Removing hk32l0xx_flash.o(i.FLASH_OptionByteLaunch), (20 bytes).
    Removing hk32l0xx_flash.o(i.FLASH_OptionByteLock), (20 bytes).
    Removing hk32l0xx_flash.o(i.FLASH_OptionByteProgramData), (72 bytes).
    Removing hk32l0xx_flash.o(i.FLASH_OptionByteUnlock), (40 bytes).
    Removing hk32l0xx_flash.o(i.FLASH_PrefetchBufferCmd), (36 bytes).
    Removing hk32l0xx_flash.o(i.FLASH_ProgramWord), (72 bytes).
    Removing hk32l0xx_flash.o(i.FLASH_SetLatency), (28 bytes).
    Removing hk32l0xx_flash.o(i.FLASH_Unlock), (36 bytes).
    Removing hk32l0xx_flash.o(i.FLASH_WaitForLastOperation), (40 bytes).
    Removing hk32l0xx_flash.o(i.Sys_GetDevice96BitUID), (24 bytes).
    Removing hk32l0xx_gpio.o(.rev16_text), (4 bytes).
    Removing hk32l0xx_gpio.o(.revsh_text), (4 bytes).
    Removing hk32l0xx_gpio.o(i.GPIO_DeInit), (148 bytes).
    Removing hk32l0xx_gpio.o(i.GPIO_PinLockConfig), (34 bytes).
    Removing hk32l0xx_gpio.o(i.GPIO_ReadInputData), (8 bytes).
    Removing hk32l0xx_gpio.o(i.GPIO_ReadInputDataBit), (20 bytes).
    Removing hk32l0xx_gpio.o(i.GPIO_ReadOutputData), (8 bytes).
    Removing hk32l0xx_gpio.o(i.GPIO_ReadOutputDataBit), (20 bytes).
    Removing hk32l0xx_gpio.o(i.GPIO_ResetBits), (4 bytes).
    Removing hk32l0xx_gpio.o(i.GPIO_SetBits), (4 bytes).
    Removing hk32l0xx_gpio.o(i.GPIO_StructInit), (24 bytes).
    Removing hk32l0xx_gpio.o(i.GPIO_Toggle), (8 bytes).
    Removing hk32l0xx_gpio.o(i.GPIO_Write), (4 bytes).
    Removing hk32l0xx_gpio.o(i.GPIO_WriteBit), (12 bytes).
    Removing hk32l0xx_i2c.o(.rev16_text), (4 bytes).
    Removing hk32l0xx_i2c.o(.revsh_text), (4 bytes).
    Removing hk32l0xx_i2c.o(i.I2C_AcknowledgeConfig), (28 bytes).
    Removing hk32l0xx_i2c.o(i.I2C_AutoEndCmd), (28 bytes).
    Removing hk32l0xx_i2c.o(i.I2C_CalculatePEC), (28 bytes).
    Removing hk32l0xx_i2c.o(i.I2C_ClearFlag), (4 bytes).
    Removing hk32l0xx_i2c.o(i.I2C_ClearITPendingBit), (4 bytes).
    Removing hk32l0xx_i2c.o(i.I2C_ClockTimeoutCmd), (28 bytes).
    Removing hk32l0xx_i2c.o(i.I2C_Cmd), (24 bytes).
    Removing hk32l0xx_i2c.o(i.I2C_DMACmd), (20 bytes).
    Removing hk32l0xx_i2c.o(i.I2C_DeInit), (56 bytes).
    Removing hk32l0xx_i2c.o(i.I2C_DualAddressCmd), (28 bytes).
    Removing hk32l0xx_i2c.o(i.I2C_ExtendedClockTimeoutCmd), (26 bytes).
    Removing hk32l0xx_i2c.o(i.I2C_GeneralCallCmd), (28 bytes).
    Removing hk32l0xx_i2c.o(i.I2C_GenerateSTART), (28 bytes).
    Removing hk32l0xx_i2c.o(i.I2C_GenerateSTOP), (28 bytes).
    Removing hk32l0xx_i2c.o(i.I2C_GetAddressMatched), (14 bytes).
    Removing hk32l0xx_i2c.o(i.I2C_GetFlagStatus), (28 bytes).
    Removing hk32l0xx_i2c.o(i.I2C_GetITStatus), (78 bytes).
    Removing hk32l0xx_i2c.o(i.I2C_GetPEC), (8 bytes).
    Removing hk32l0xx_i2c.o(i.I2C_GetTransferDirection), (30 bytes).
    Removing hk32l0xx_i2c.o(i.I2C_ITConfig), (20 bytes).
    Removing hk32l0xx_i2c.o(i.I2C_IdleClockTimeoutCmd), (28 bytes).
    Removing hk32l0xx_i2c.o(i.I2C_Init), (108 bytes).
    Removing hk32l0xx_i2c.o(i.I2C_MasterRequestConfig), (28 bytes).
    Removing hk32l0xx_i2c.o(i.I2C_NumberOfBytesConfig), (28 bytes).
    Removing hk32l0xx_i2c.o(i.I2C_OwnAddress2Config), (36 bytes).
    Removing hk32l0xx_i2c.o(i.I2C_PECRequestCmd), (28 bytes).
    Removing hk32l0xx_i2c.o(i.I2C_ReadRegister), (22 bytes).
    Removing hk32l0xx_i2c.o(i.I2C_ReceiveData), (8 bytes).
    Removing hk32l0xx_i2c.o(i.I2C_ReloadCmd), (28 bytes).
    Removing hk32l0xx_i2c.o(i.I2C_SMBusAlertCmd), (28 bytes).
    Removing hk32l0xx_i2c.o(i.I2C_SendData), (4 bytes).
    Removing hk32l0xx_i2c.o(i.I2C_SlaveAddressConfig), (20 bytes).
    Removing hk32l0xx_i2c.o(i.I2C_SlaveByteControlCmd), (28 bytes).
    Removing hk32l0xx_i2c.o(i.I2C_SoftwareResetCmd), (20 bytes).
    Removing hk32l0xx_i2c.o(i.I2C_StopModeCmd), (28 bytes).
    Removing hk32l0xx_i2c.o(i.I2C_StretchClockCmd), (28 bytes).
    Removing hk32l0xx_i2c.o(i.I2C_StructInit), (24 bytes).
    Removing hk32l0xx_i2c.o(i.I2C_TenBitAddressHeaderCmd), (28 bytes).
    Removing hk32l0xx_i2c.o(i.I2C_TenBitAddressingModeCmd), (28 bytes).
    Removing hk32l0xx_i2c.o(i.I2C_TimeoutAConfig), (20 bytes).
    Removing hk32l0xx_i2c.o(i.I2C_TimeoutBConfig), (32 bytes).
    Removing hk32l0xx_i2c.o(i.I2C_TransferHandling), (60 bytes).
    Removing hk32l0xx_irtim.o(.rev16_text), (4 bytes).
    Removing hk32l0xx_irtim.o(.revsh_text), (4 bytes).
    Removing hk32l0xx_irtim.o(i.IRTIM_CarrierConfig), (104 bytes).
    Removing hk32l0xx_irtim.o(i.IRTIM_Config), (44 bytes).
    Removing hk32l0xx_irtim.o(i.IRTIM_EnvelopeConfig), (120 bytes).
    Removing hk32l0xx_irtim.o(i.IRTIM_EnvelopeNvicConfig), (22 bytes).
    Removing hk32l0xx_irtim.o(i.IR_OutGpioConfig), (68 bytes).
    Removing hk32l0xx_irtim.o(i.Send_IRdata), (112 bytes).
    Removing hk32l0xx_irtim.o(i.Write_IRdata), (228 bytes).
    Removing hk32l0xx_irtim.o(.data), (13 bytes).
    Removing hk32l0xx_iwdg.o(.rev16_text), (4 bytes).
    Removing hk32l0xx_iwdg.o(.revsh_text), (4 bytes).
    Removing hk32l0xx_iwdg.o(i.IWDG_Enable), (16 bytes).
    Removing hk32l0xx_iwdg.o(i.IWDG_GetFlagStatus), (28 bytes).
    Removing hk32l0xx_iwdg.o(i.IWDG_ReloadCounter), (16 bytes).
    Removing hk32l0xx_iwdg.o(i.IWDG_SetPrescaler), (12 bytes).
    Removing hk32l0xx_iwdg.o(i.IWDG_SetReload), (12 bytes).
    Removing hk32l0xx_iwdg.o(i.IWDG_SetWindowValue), (12 bytes).
    Removing hk32l0xx_iwdg.o(i.IWDG_WriteAccessCmd), (12 bytes).
    Removing hk32l0xx_lcd.o(.rev16_text), (4 bytes).
    Removing hk32l0xx_lcd.o(.revsh_text), (4 bytes).
    Removing hk32l0xx_lcd.o(i.LCD_BiasConfg), (28 bytes).
    Removing hk32l0xx_lcd.o(i.LCD_BlinkFrequencyConfig), (28 bytes).
    Removing hk32l0xx_lcd.o(i.LCD_BlinkModeCmd), (36 bytes).
    Removing hk32l0xx_lcd.o(i.LCD_ClearFlag), (12 bytes).
    Removing hk32l0xx_lcd.o(i.LCD_Cmd), (36 bytes).
    Removing hk32l0xx_lcd.o(i.LCD_ComEnable), (32 bytes).
    Removing hk32l0xx_lcd.o(i.LCD_DutyConfig), (28 bytes).
    Removing hk32l0xx_lcd.o(i.LCD_GetFlagStatus), (28 bytes).
    Removing hk32l0xx_lcd.o(i.LCD_HighDriveCmd), (36 bytes).
    Removing hk32l0xx_lcd.o(i.LCD_ITConfig), (32 bytes).
    Removing hk32l0xx_lcd.o(i.LCD_Init), (44 bytes).
    Removing hk32l0xx_lcd.o(i.LCD_MiddleDriveCmd), (36 bytes).
    Removing hk32l0xx_lcd.o(i.LCD_MuxSegentCmd), (36 bytes).
    Removing hk32l0xx_lcd.o(i.LCD_PulseOnDuration), (16 bytes).
    Removing hk32l0xx_lcd.o(i.LCD_SegEnable), (32 bytes).
    Removing hk32l0xx_lcd.o(i.LCD_SetContrast), (28 bytes).
    Removing hk32l0xx_lcd.o(i.LCD_SetDeadTime), (28 bytes).
    Removing hk32l0xx_lcd.o(i.LCD_SetDivider), (28 bytes).
    Removing hk32l0xx_lcd.o(i.LCD_SetPrescaler), (28 bytes).
    Removing hk32l0xx_lcd.o(i.LCD_UpdateDisplayRequest), (32 bytes).
    Removing hk32l0xx_lcd.o(i.LCD_VoltageSource), (28 bytes).
    Removing hk32l0xx_lcd.o(i.LCD_WaitForSynchro), (36 bytes).
    Removing hk32l0xx_lcd.o(i.LCD_WrietNoMask), (80 bytes).
    Removing hk32l0xx_lcd.o(i.LCD_WriteMask), (180 bytes).
    Removing hk32l0xx_lpuart.o(.rev16_text), (4 bytes).
    Removing hk32l0xx_lpuart.o(.revsh_text), (4 bytes).
    Removing hk32l0xx_lpuart.o(i.LPUART_AddressDetectionConfig), (16 bytes).
    Removing hk32l0xx_lpuart.o(i.LPUART_ClearFlag), (4 bytes).
    Removing hk32l0xx_lpuart.o(i.LPUART_ClearITPendingBit), (18 bytes).
    Removing hk32l0xx_lpuart.o(i.LPUART_Cmd), (24 bytes).
    Removing hk32l0xx_lpuart.o(i.LPUART_DECmd), (28 bytes).
    Removing hk32l0xx_lpuart.o(i.LPUART_DEPolarityConfig), (18 bytes).
    Removing hk32l0xx_lpuart.o(i.LPUART_DMACmd), (20 bytes).
    Removing hk32l0xx_lpuart.o(i.LPUART_DMAReceptionErrorConfig), (18 bytes).
    Removing hk32l0xx_lpuart.o(i.LPUART_DataInvCmd), (28 bytes).
    Removing hk32l0xx_lpuart.o(i.LPUART_DeInit), (32 bytes).
    Removing hk32l0xx_lpuart.o(i.LPUART_DirectionModeCmd), (20 bytes).
    Removing hk32l0xx_lpuart.o(i.LPUART_GetFlagStatus), (20 bytes).
    Removing hk32l0xx_lpuart.o(i.LPUART_GetITStatus), (78 bytes).
    Removing hk32l0xx_lpuart.o(i.LPUART_HalfDuplexCmd), (24 bytes).
    Removing hk32l0xx_lpuart.o(i.LPUART_ITConfig), (66 bytes).
    Removing hk32l0xx_lpuart.o(i.LPUART_Init), (176 bytes).
    Removing hk32l0xx_lpuart.o(i.LPUART_InvPinCmd), (20 bytes).
    Removing hk32l0xx_lpuart.o(i.LPUART_MSBFirstCmd), (28 bytes).
    Removing hk32l0xx_lpuart.o(i.LPUART_MuteModeCmd), (28 bytes).
    Removing hk32l0xx_lpuart.o(i.LPUART_MuteModeWakeUpConfig), (18 bytes).
    Removing hk32l0xx_lpuart.o(i.LPUART_OverrunDetectionConfig), (18 bytes).
    Removing hk32l0xx_lpuart.o(i.LPUART_ReceiveData), (10 bytes).
    Removing hk32l0xx_lpuart.o(i.LPUART_RequestCmd), (20 bytes).
    Removing hk32l0xx_lpuart.o(i.LPUART_STOPModeCmd), (24 bytes).
    Removing hk32l0xx_lpuart.o(i.LPUART_SWAPPinCmd), (28 bytes).
    Removing hk32l0xx_lpuart.o(i.LPUART_SendData), (8 bytes).
    Removing hk32l0xx_lpuart.o(i.LPUART_SetAddress), (18 bytes).
    Removing hk32l0xx_lpuart.o(i.LPUART_SetDEAssertionTime), (20 bytes).
    Removing hk32l0xx_lpuart.o(i.LPUART_SetDEDeassertionTime), (20 bytes).
    Removing hk32l0xx_lpuart.o(i.LPUART_StopModeWakeUpSourceConfig), (18 bytes).
    Removing hk32l0xx_lpuart.o(i.LPUART_StructInit), (24 bytes).
    Removing hk32l0xx_misc.o(.rev16_text), (4 bytes).
    Removing hk32l0xx_misc.o(.revsh_text), (4 bytes).
    Removing hk32l0xx_misc.o(i.NVIC_SystemLPConfig), (32 bytes).
    Removing hk32l0xx_misc.o(i.SysTick_CLKSourceConfig), (36 bytes).
    Removing hk32l0xx_opamp.o(.rev16_text), (4 bytes).
    Removing hk32l0xx_opamp.o(.revsh_text), (4 bytes).
    Removing hk32l0xx_opamp.o(i.OPAMP_Cmd), (24 bytes).
    Removing hk32l0xx_opamp.o(i.OPAMP_DeInit), (22 bytes).
    Removing hk32l0xx_opamp.o(i.OPAMP_GetCalibrationSelection), (14 bytes).
    Removing hk32l0xx_opamp.o(i.OPAMP_GetCalibrationVrefOutput), (14 bytes).
    Removing hk32l0xx_opamp.o(i.OPAMP_GetInputInverting), (12 bytes).
    Removing hk32l0xx_opamp.o(i.OPAMP_GetInputInvertingSecondary), (14 bytes).
    Removing hk32l0xx_opamp.o(i.OPAMP_GetInputNonInverting), (12 bytes).
    Removing hk32l0xx_opamp.o(i.OPAMP_GetInputNonInvertingSecondary), (14 bytes).
    Removing hk32l0xx_opamp.o(i.OPAMP_GetInputsMuxMode), (12 bytes).
    Removing hk32l0xx_opamp.o(i.OPAMP_GetMode), (14 bytes).
    Removing hk32l0xx_opamp.o(i.OPAMP_GetPGAGain), (14 bytes).
    Removing hk32l0xx_opamp.o(i.OPAMP_GetTrimmingMode), (14 bytes).
    Removing hk32l0xx_opamp.o(i.OPAMP_GetTrimmingValue), (68 bytes).
    Removing hk32l0xx_opamp.o(i.OPAMP_Init), (56 bytes).
    Removing hk32l0xx_opamp.o(i.OPAMP_IsCalibrationOutputSet), (14 bytes).
    Removing hk32l0xx_opamp.o(i.OPAMP_IsEnabled), (10 bytes).
    Removing hk32l0xx_opamp.o(i.OPAMP_IsLocked), (8 bytes).
    Removing hk32l0xx_opamp.o(i.OPAMP_Lock), (20 bytes).
    Removing hk32l0xx_opamp.o(i.OPAMP_SetCalibrationSelection), (18 bytes).
    Removing hk32l0xx_opamp.o(i.OPAMP_SetCalibrationVrefOutput), (18 bytes).
    Removing hk32l0xx_opamp.o(i.OPAMP_SetInputInverting), (16 bytes).
    Removing hk32l0xx_opamp.o(i.OPAMP_SetInputInvertingSecondary), (18 bytes).
    Removing hk32l0xx_opamp.o(i.OPAMP_SetInputNonInverting), (16 bytes).
    Removing hk32l0xx_opamp.o(i.OPAMP_SetInputNonInvertingSecondary), (18 bytes).
    Removing hk32l0xx_opamp.o(i.OPAMP_SetInputsMuxMode), (16 bytes).
    Removing hk32l0xx_opamp.o(i.OPAMP_SetMode), (18 bytes).
    Removing hk32l0xx_opamp.o(i.OPAMP_SetPGAGain), (18 bytes).
    Removing hk32l0xx_opamp.o(i.OPAMP_SetTrimmingMode), (18 bytes).
    Removing hk32l0xx_opamp.o(i.OPAMP_SetTrimmingValue), (24 bytes).
    Removing hk32l0xx_pwr.o(.rev16_text), (4 bytes).
    Removing hk32l0xx_pwr.o(.revsh_text), (4 bytes).
    Removing hk32l0xx_pwr.o(i.PWR_BackupAccessCmd), (40 bytes).
    Removing hk32l0xx_pwr.o(i.PWR_ClearFlag), (20 bytes).
    Removing hk32l0xx_pwr.o(i.PWR_DeInit), (22 bytes).
    Removing hk32l0xx_pwr.o(i.PWR_DisableFastWakeUp), (20 bytes).
    Removing hk32l0xx_pwr.o(i.PWR_DisableLowPowerRunMode), (96 bytes).
    Removing hk32l0xx_pwr.o(i.PWR_DisableSEVOnPend), (20 bytes).
    Removing hk32l0xx_pwr.o(i.PWR_DisableSleepOnExit), (20 bytes).
    Removing hk32l0xx_pwr.o(i.PWR_DisableUltraLowPower), (20 bytes).
    Removing hk32l0xx_pwr.o(i.PWR_EnableFastWakeUp), (20 bytes).
    Removing hk32l0xx_pwr.o(i.PWR_EnableLowPowerRunMode), (32 bytes).
    Removing hk32l0xx_pwr.o(i.PWR_EnableSEVOnPend), (20 bytes).
    Removing hk32l0xx_pwr.o(i.PWR_EnableSleepOnExit), (20 bytes).
    Removing hk32l0xx_pwr.o(i.PWR_EnableUltraLowPower), (20 bytes).
    Removing hk32l0xx_pwr.o(i.PWR_EnterLowPowerSleepMode), (80 bytes).
    Removing hk32l0xx_pwr.o(i.PWR_EnterSTANDBYMode), (68 bytes).
    Removing hk32l0xx_pwr.o(i.PWR_EnterSTOPMode), (104 bytes).
    Removing hk32l0xx_pwr.o(i.PWR_EnterSleepMode), (80 bytes).
    Removing hk32l0xx_pwr.o(i.PWR_GetFlagStatus), (28 bytes).
    Removing hk32l0xx_pwr.o(i.PWR_GetVoltageRange), (16 bytes).
    Removing hk32l0xx_pwr.o(i.PWR_PDRPDConfig), (120 bytes).
    Removing hk32l0xx_pwr.o(i.PWR_PVDCmd), (36 bytes).
    Removing hk32l0xx_pwr.o(i.PWR_PVDLevelConfig), (188 bytes).
    Removing hk32l0xx_pwr.o(i.PWR_SetVoltageRange), (28 bytes).
    Removing hk32l0xx_pwr.o(i.PWR_WakeUpPinCmd), (32 bytes).
    Removing hk32l0xx_pwr.o(i.PWR_WakeupPinPolarityConfig), (56 bytes).
    Removing hk32l0xx_rcc.o(.rev16_text), (4 bytes).
    Removing hk32l0xx_rcc.o(.revsh_text), (4 bytes).
    Removing hk32l0xx_rcc.o(i.RCC_AHBPeriphResetCmd), (32 bytes).
    Removing hk32l0xx_rcc.o(i.RCC_BEEPERCLKConfig), (28 bytes).
    Removing hk32l0xx_rcc.o(i.RCC_BackupResetCmd), (40 bytes).
    Removing hk32l0xx_rcc.o(i.RCC_CSSThresholdConfig), (28 bytes).
    Removing hk32l0xx_rcc.o(i.RCC_ClearFlag), (20 bytes).
    Removing hk32l0xx_rcc.o(i.RCC_ClearITPendingBit), (40 bytes).
    Removing hk32l0xx_rcc.o(i.RCC_ClockSecuritySystemCmd), (40 bytes).
    Removing hk32l0xx_rcc.o(i.RCC_DeInit), (140 bytes).
    Removing hk32l0xx_rcc.o(i.RCC_ExternalClkConfig), (28 bytes).
    Removing hk32l0xx_rcc.o(i.RCC_FLITFCLKConfig), (36 bytes).
    Removing hk32l0xx_rcc.o(i.RCC_GetClkAfterWakeFromStop), (16 bytes).
    Removing hk32l0xx_rcc.o(i.RCC_GetFlagStatus), (72 bytes).
    Removing hk32l0xx_rcc.o(i.RCC_GetITStatus), (28 bytes).
    Removing hk32l0xx_rcc.o(i.RCC_GetSYSCLKSource), (48 bytes).
    Removing hk32l0xx_rcc.o(i.RCC_HCLKConfig), (32 bytes).
    Removing hk32l0xx_rcc.o(i.RCC_HSEConfig), (88 bytes).
    Removing hk32l0xx_rcc.o(i.RCC_HSI16ADCRequestCmd), (36 bytes).
    Removing hk32l0xx_rcc.o(i.RCC_HSI16Cmd), (36 bytes).
    Removing hk32l0xx_rcc.o(i.RCC_HSI48Cmd), (36 bytes).
    Removing hk32l0xx_rcc.o(i.RCC_HSICOARSETRIM), (32 bytes).
    Removing hk32l0xx_rcc.o(i.RCC_HSICmd), (36 bytes).
    Removing hk32l0xx_rcc.o(i.RCC_HSIFineTRIM), (32 bytes).
    Removing hk32l0xx_rcc.o(i.RCC_I2C1CLKConfig), (28 bytes).
    Removing hk32l0xx_rcc.o(i.RCC_I2C2CLKConfig), (28 bytes).
    Removing hk32l0xx_rcc.o(i.RCC_ITConfig), (40 bytes).
    Removing hk32l0xx_rcc.o(i.RCC_LCDPUMPDRVConfig), (28 bytes).
    Removing hk32l0xx_rcc.o(i.RCC_LPUART1CLKConfig), (32 bytes).
    Removing hk32l0xx_rcc.o(i.RCC_LSEConfig), (40 bytes).
    Removing hk32l0xx_rcc.o(i.RCC_LSEDriveConfig), (28 bytes).
    Removing hk32l0xx_rcc.o(i.RCC_LSICOARSETRIM), (32 bytes).
    Removing hk32l0xx_rcc.o(i.RCC_LSICmd), (36 bytes).
    Removing hk32l0xx_rcc.o(i.RCC_LSIFINETRIM), (32 bytes).
    Removing hk32l0xx_rcc.o(i.RCC_MCOConfig), (36 bytes).
    Removing hk32l0xx_rcc.o(i.RCC_MSICmd), (40 bytes).
    Removing hk32l0xx_rcc.o(i.RCC_MSIConfig), (28 bytes).
    Removing hk32l0xx_rcc.o(i.RCC_PCLKConfig), (32 bytes).
    Removing hk32l0xx_rcc.o(i.RCC_PLLCmd), (40 bytes).
    Removing hk32l0xx_rcc.o(i.RCC_PLLConfig), (96 bytes).
    Removing hk32l0xx_rcc.o(i.RCC_PREDIVConfig), (28 bytes).
    Removing hk32l0xx_rcc.o(i.RCC_RTCCLKCmd), (40 bytes).
    Removing hk32l0xx_rcc.o(i.RCC_RTCCLKConfig), (28 bytes).
    Removing hk32l0xx_rcc.o(i.RCC_SYSCLKConfig), (240 bytes).
    Removing hk32l0xx_rcc.o(i.RCC_SetClkAfterWakeFromStop), (28 bytes).
    Removing hk32l0xx_rcc.o(i.RCC_UART3CLKConfig), (32 bytes).
    Removing hk32l0xx_rcc.o(i.RCC_UART4CLKConfig), (32 bytes).
    Removing hk32l0xx_rcc.o(i.RCC_USART1CLKConfig), (28 bytes).
    Removing hk32l0xx_rcc.o(i.RCC_USART2CLKConfig), (32 bytes).
    Removing hk32l0xx_rcc.o(i.RCC_USBCLKConfig), (28 bytes).
    Removing hk32l0xx_rcc.o(i.RCC_WaitForHSEStartUp), (64 bytes).
    Removing hk32l0xx_rtc.o(.rev16_text), (4 bytes).
    Removing hk32l0xx_rtc.o(.revsh_text), (4 bytes).
    Removing hk32l0xx_rtc.o(i.RTC_AlarmCmd), (116 bytes).
    Removing hk32l0xx_rtc.o(i.RTC_AlarmStructInit), (22 bytes).
    Removing hk32l0xx_rtc.o(i.RTC_AlarmSubSecondConfig), (64 bytes).
    Removing hk32l0xx_rtc.o(i.RTC_Bcd2ToByte), (26 bytes).
    Removing hk32l0xx_rtc.o(i.RTC_BypassShadowCmd), (56 bytes).
    Removing hk32l0xx_rtc.o(i.RTC_ByteToBcd2), (28 bytes).
    Removing hk32l0xx_rtc.o(i.RTC_CalibOutputCmd), (60 bytes).
    Removing hk32l0xx_rtc.o(i.RTC_CalibOutputConfig), (48 bytes).
    Removing hk32l0xx_rtc.o(i.RTC_ClearFlag), (32 bytes).
    Removing hk32l0xx_rtc.o(i.RTC_ClearITPendingBit), (36 bytes).
    Removing hk32l0xx_rtc.o(i.RTC_DateStructInit), (14 bytes).
    Removing hk32l0xx_rtc.o(i.RTC_DayLightSavingConfig), (52 bytes).
    Removing hk32l0xx_rtc.o(i.RTC_DeInit), (124 bytes).
    Removing hk32l0xx_rtc.o(i.RTC_EnterInitMode), (88 bytes).
    Removing hk32l0xx_rtc.o(i.RTC_ExitInitMode), (20 bytes).
    Removing hk32l0xx_rtc.o(i.RTC_GetAlarm), (196 bytes).
    Removing hk32l0xx_rtc.o(i.RTC_GetAlarmSubSecond), (44 bytes).
    Removing hk32l0xx_rtc.o(i.RTC_GetDate), (96 bytes).
    Removing hk32l0xx_rtc.o(i.RTC_GetFlagStatus), (44 bytes).
    Removing hk32l0xx_rtc.o(i.RTC_GetITStatus), (76 bytes).
    Removing hk32l0xx_rtc.o(i.RTC_GetStoreOperation), (16 bytes).
    Removing hk32l0xx_rtc.o(i.RTC_GetSubSecond), (16 bytes).
    Removing hk32l0xx_rtc.o(i.RTC_GetTime), (92 bytes).
    Removing hk32l0xx_rtc.o(i.RTC_GetTimeStamp), (164 bytes).
    Removing hk32l0xx_rtc.o(i.RTC_GetTimeStampSubSecond), (12 bytes).
    Removing hk32l0xx_rtc.o(i.RTC_GetWakeUpCounter), (12 bytes).
    Removing hk32l0xx_rtc.o(i.RTC_ITConfig), (104 bytes).
    Removing hk32l0xx_rtc.o(i.RTC_Init), (92 bytes).
    Removing hk32l0xx_rtc.o(i.RTC_OutputConfig), (52 bytes).
    Removing hk32l0xx_rtc.o(i.RTC_OutputTypeConfig), (28 bytes).
    Removing hk32l0xx_rtc.o(i.RTC_ReadBackupRegister), (32 bytes).
    Removing hk32l0xx_rtc.o(i.RTC_RefClockCmd), (80 bytes).
    Removing hk32l0xx_rtc.o(i.RTC_SetAlarm), (248 bytes).
    Removing hk32l0xx_rtc.o(i.RTC_SetDate), (212 bytes).
    Removing hk32l0xx_rtc.o(i.RTC_SetTime), (220 bytes).
    Removing hk32l0xx_rtc.o(i.RTC_SetWakeUpCounter), (28 bytes).
    Removing hk32l0xx_rtc.o(i.RTC_SmoothCalibConfig), (100 bytes).
    Removing hk32l0xx_rtc.o(i.RTC_StructInit), (14 bytes).
    Removing hk32l0xx_rtc.o(i.RTC_SynchroShiftConfig), (128 bytes).
    Removing hk32l0xx_rtc.o(i.RTC_TamperCmd), (32 bytes).
    Removing hk32l0xx_rtc.o(i.RTC_TamperFilterConfig), (28 bytes).
    Removing hk32l0xx_rtc.o(i.RTC_TamperPinsPrechargeDuration), (28 bytes).
    Removing hk32l0xx_rtc.o(i.RTC_TamperPullUpCmd), (40 bytes).
    Removing hk32l0xx_rtc.o(i.RTC_TamperSamplingFreqConfig), (28 bytes).
    Removing hk32l0xx_rtc.o(i.RTC_TamperTriggerConfig), (36 bytes).
    Removing hk32l0xx_rtc.o(i.RTC_TimeStampCmd), (88 bytes).
    Removing hk32l0xx_rtc.o(i.RTC_TimeStampOnTamperDetectionCmd), (36 bytes).
    Removing hk32l0xx_rtc.o(i.RTC_TimeStructInit), (12 bytes).
    Removing hk32l0xx_rtc.o(i.RTC_WaitForSynchro), (112 bytes).
    Removing hk32l0xx_rtc.o(i.RTC_WakeUpClockConfig), (44 bytes).
    Removing hk32l0xx_rtc.o(i.RTC_WakeUpCmd), (120 bytes).
    Removing hk32l0xx_rtc.o(i.RTC_WriteBackupRegister), (28 bytes).
    Removing hk32l0xx_rtc.o(i.RTC_WriteProtectionCmd), (32 bytes).
    Removing hk32l0xx_spi.o(.rev16_text), (4 bytes).
    Removing hk32l0xx_spi.o(.revsh_text), (4 bytes).
    Removing hk32l0xx_spi.o(i.I2S_Cmd), (32 bytes).
    Removing hk32l0xx_spi.o(i.I2S_Init), (232 bytes).
    Removing hk32l0xx_spi.o(i.I2S_StructInit), (20 bytes).
    Removing hk32l0xx_spi.o(i.SPI_BiDirectionalLineConfig), (32 bytes).
    Removing hk32l0xx_spi.o(i.SPI_CRCLengthConfig), (20 bytes).
    Removing hk32l0xx_spi.o(i.SPI_CalculateCRC), (32 bytes).
    Removing hk32l0xx_spi.o(i.SPI_Cmd), (28 bytes).
    Removing hk32l0xx_spi.o(i.SPI_DataSizeConfig), (28 bytes).
    Removing hk32l0xx_spi.o(i.SPI_GetCRC), (20 bytes).
    Removing hk32l0xx_spi.o(i.SPI_GetCRCPolynomial), (8 bytes).
    Removing hk32l0xx_spi.o(i.SPI_GetReceptionFIFOStatus), (12 bytes).
    Removing hk32l0xx_spi.o(i.SPI_GetTransmissionFIFOStatus), (12 bytes).
    Removing hk32l0xx_spi.o(i.SPI_Init), (96 bytes).
    Removing hk32l0xx_spi.o(i.SPI_LastDMATransferCmd), (20 bytes).
    Removing hk32l0xx_spi.o(i.SPI_NSSInternalSoftwareConfig), (32 bytes).
    Removing hk32l0xx_spi.o(i.SPI_NSSPulseModeCmd), (28 bytes).
    Removing hk32l0xx_spi.o(i.SPI_ReceiveData8), (12 bytes).
    Removing hk32l0xx_spi.o(i.SPI_RxFIFOThresholdConfig), (20 bytes).
    Removing hk32l0xx_spi.o(i.SPI_SSOutputCmd), (28 bytes).
    Removing hk32l0xx_spi.o(i.SPI_SendData8), (10 bytes).
    Removing hk32l0xx_spi.o(i.SPI_StructInit), (30 bytes).
    Removing hk32l0xx_spi.o(i.SPI_TIModeCmd), (28 bytes).
    Removing hk32l0xx_spi.o(i.SPI_TransmitCRC), (12 bytes).
    Removing hk32l0xx_spi.o(i.SPIorI2S_ClearFlag), (8 bytes).
    Removing hk32l0xx_spi.o(i.SPIorI2S_DMACmd), (26 bytes).
    Removing hk32l0xx_spi.o(i.SPIorI2S_DeInit), (60 bytes).
    Removing hk32l0xx_spi.o(i.SPIorI2S_GetFlagStatus), (20 bytes).
    Removing hk32l0xx_spi.o(i.SPIorI2S_GetITStatus), (56 bytes).
    Removing hk32l0xx_spi.o(i.SPIorI2S_ITConfig), (38 bytes).
    Removing hk32l0xx_spi.o(i.SPIorI2S_ReceiveData16), (8 bytes).
    Removing hk32l0xx_spi.o(i.SPIorI2S_SendData16), (4 bytes).
    Removing hk32l0xx_syscfg.o(.rev16_text), (4 bytes).
    Removing hk32l0xx_syscfg.o(.revsh_text), (4 bytes).
    Removing hk32l0xx_syscfg.o(i.SYSCFG_ADCVrefEnableCmd), (36 bytes).
    Removing hk32l0xx_syscfg.o(i.SYSCFG_BreakConfig), (32 bytes).
    Removing hk32l0xx_syscfg.o(i.SYSCFG_DeInit), (28 bytes).
    Removing hk32l0xx_syscfg.o(i.SYSCFG_EXTILineConfig), (164 bytes).
    Removing hk32l0xx_syscfg.o(i.SYSCFG_GetADCVrefEnableStatus), (24 bytes).
    Removing hk32l0xx_syscfg.o(i.SYSCFG_GetAnalogEn), (24 bytes).
    Removing hk32l0xx_syscfg.o(i.SYSCFG_GetMemoryRemapConfig), (16 bytes).
    Removing hk32l0xx_syscfg.o(i.SYSCFG_GetModifyLock), (24 bytes).
    Removing hk32l0xx_syscfg.o(i.SYSCFG_GetSelVrefOut), (16 bytes).
    Removing hk32l0xx_syscfg.o(i.SYSCFG_GetTimer3Ch4Remap), (16 bytes).
    Removing hk32l0xx_syscfg.o(i.SYSCFG_GetVrefIntReady), (24 bytes).
    Removing hk32l0xx_syscfg.o(i.SYSCFG_I2CFastModePlusConfig), (32 bytes).
    Removing hk32l0xx_syscfg.o(i.SYSCFG_LCDCAPAConfig), (32 bytes).
    Removing hk32l0xx_syscfg.o(i.SYSCFG_MemoryRemapConfig), (28 bytes).
    Removing hk32l0xx_syscfg.o(i.SYSCFG_PA9PA10RemapConfig), (40 bytes).
    Removing hk32l0xx_syscfg.o(i.SYSCFG_SetAnalogEn), (32 bytes).
    Removing hk32l0xx_syscfg.o(i.SYSCFG_SetModifyLock), (20 bytes).
    Removing hk32l0xx_syscfg.o(i.SYSCFG_SetSelVrefOut), (44 bytes).
    Removing hk32l0xx_syscfg.o(i.SYSCFG_SetTimer3Ch4Remap), (32 bytes).
    Removing hk32l0xx_tim.o(.rev16_text), (4 bytes).
    Removing hk32l0xx_tim.o(.revsh_text), (4 bytes).
    Removing hk32l0xx_tim.o(i.TI1_Config), (60 bytes).
    Removing hk32l0xx_tim.o(i.TI2_Config), (80 bytes).
    Removing hk32l0xx_tim.o(i.TI3_Config), (76 bytes).
    Removing hk32l0xx_tim.o(i.TI4_Config), (84 bytes).
    Removing hk32l0xx_tim.o(i.TIM14_TI1RemapConfig), (44 bytes).
    Removing hk32l0xx_tim.o(i.TIM2_ETRRemapConfig), (48 bytes).
    Removing hk32l0xx_tim.o(i.TIM2_TI4RemapConfig), (40 bytes).
    Removing hk32l0xx_tim.o(i.TIM3_ETRRemapConfig), (36 bytes).
    Removing hk32l0xx_tim.o(i.TIM3_TI1RemapConfig), (36 bytes).
    Removing hk32l0xx_tim.o(i.TIM_ARRPreloadConfig), (28 bytes).
    Removing hk32l0xx_tim.o(i.TIM_BDTRConfig), (30 bytes).
    Removing hk32l0xx_tim.o(i.TIM_BDTRStructInit), (18 bytes).
    Removing hk32l0xx_tim.o(i.TIM_CCPreloadControl), (28 bytes).
    Removing hk32l0xx_tim.o(i.TIM_CCxCmd), (34 bytes).
    Removing hk32l0xx_tim.o(i.TIM_CCxNCmd), (34 bytes).
    Removing hk32l0xx_tim.o(i.TIM_ClearFlag), (8 bytes).
    Removing hk32l0xx_tim.o(i.TIM_ClearITPendingBit), (8 bytes).
    Removing hk32l0xx_tim.o(i.TIM_ClearOC1Ref), (28 bytes).
    Removing hk32l0xx_tim.o(i.TIM_ClearOC2Ref), (22 bytes).
    Removing hk32l0xx_tim.o(i.TIM_ClearOC3Ref), (28 bytes).
    Removing hk32l0xx_tim.o(i.TIM_ClearOC4Ref), (22 bytes).
    Removing hk32l0xx_tim.o(i.TIM_CounterModeConfig), (28 bytes).
    Removing hk32l0xx_tim.o(i.TIM_CtrlPWMOutputs), (26 bytes).
    Removing hk32l0xx_tim.o(i.TIM_DMACmd), (26 bytes).
    Removing hk32l0xx_tim.o(i.TIM_DMAConfig), (8 bytes).
    Removing hk32l0xx_tim.o(i.TIM_ETRClockMode1Config), (52 bytes).
    Removing hk32l0xx_tim.o(i.TIM_ETRClockMode2Config), (34 bytes).
    Removing hk32l0xx_tim.o(i.TIM_ETRConfig), (26 bytes).
    Removing hk32l0xx_tim.o(i.TIM_EncoderInterfaceConfig), (96 bytes).
    Removing hk32l0xx_tim.o(i.TIM_ForcedOC1Config), (28 bytes).
    Removing hk32l0xx_tim.o(i.TIM_ForcedOC2Config), (28 bytes).
    Removing hk32l0xx_tim.o(i.TIM_ForcedOC3Config), (28 bytes).
    Removing hk32l0xx_tim.o(i.TIM_ForcedOC4Config), (28 bytes).
    Removing hk32l0xx_tim.o(i.TIM_GenerateEvent), (4 bytes).
    Removing hk32l0xx_tim.o(i.TIM_GetCapture1), (6 bytes).
    Removing hk32l0xx_tim.o(i.TIM_GetCapture2), (6 bytes).
    Removing hk32l0xx_tim.o(i.TIM_GetCapture3), (6 bytes).
    Removing hk32l0xx_tim.o(i.TIM_GetCapture4), (6 bytes).
    Removing hk32l0xx_tim.o(i.TIM_GetCounter), (6 bytes).
    Removing hk32l0xx_tim.o(i.TIM_GetFlagStatus), (20 bytes).
    Removing hk32l0xx_tim.o(i.TIM_GetITStatus), (38 bytes).
    Removing hk32l0xx_tim.o(i.TIM_GetPrescaler), (8 bytes).
    Removing hk32l0xx_tim.o(i.TIM_ICInit), (112 bytes).
    Removing hk32l0xx_tim.o(i.TIM_ICStructInit), (18 bytes).
    Removing hk32l0xx_tim.o(i.TIM_ITConfig), (26 bytes).
    Removing hk32l0xx_tim.o(i.TIM_ITRxExternalClockConfig), (24 bytes).
    Removing hk32l0xx_tim.o(i.TIM_InternalClockConfig), (16 bytes).
    Removing hk32l0xx_tim.o(i.TIM_OC1FastConfig), (28 bytes).
    Removing hk32l0xx_tim.o(i.TIM_OC1Init), (120 bytes).
    Removing hk32l0xx_tim.o(i.TIM_OC1NPolarityConfig), (28 bytes).
    Removing hk32l0xx_tim.o(i.TIM_OC1PolarityConfig), (28 bytes).
    Removing hk32l0xx_tim.o(i.TIM_OC1PreloadConfig), (28 bytes).
    Removing hk32l0xx_tim.o(i.TIM_OC2FastConfig), (28 bytes).
    Removing hk32l0xx_tim.o(i.TIM_OC2Init), (160 bytes).
    Removing hk32l0xx_tim.o(i.TIM_OC2NPolarityConfig), (28 bytes).
    Removing hk32l0xx_tim.o(i.TIM_OC2PolarityConfig), (28 bytes).
    Removing hk32l0xx_tim.o(i.TIM_OC2PreloadConfig), (28 bytes).
    Removing hk32l0xx_tim.o(i.TIM_OC3FastConfig), (28 bytes).
    Removing hk32l0xx_tim.o(i.TIM_OC3Init), (160 bytes).
    Removing hk32l0xx_tim.o(i.TIM_OC3NPolarityConfig), (28 bytes).
    Removing hk32l0xx_tim.o(i.TIM_OC3PolarityConfig), (28 bytes).
    Removing hk32l0xx_tim.o(i.TIM_OC3PreloadConfig), (28 bytes).
    Removing hk32l0xx_tim.o(i.TIM_OC4FastConfig), (28 bytes).
    Removing hk32l0xx_tim.o(i.TIM_OC4Init), (120 bytes).
    Removing hk32l0xx_tim.o(i.TIM_OC4PolarityConfig), (28 bytes).
    Removing hk32l0xx_tim.o(i.TIM_OC4PreloadConfig), (28 bytes).
    Removing hk32l0xx_tim.o(i.TIM_PWMIConfig), (124 bytes).
    Removing hk32l0xx_tim.o(i.TIM_PrescalerConfig), (6 bytes).
    Removing hk32l0xx_tim.o(i.TIM_RemapConfig), (4 bytes).
    Removing hk32l0xx_tim.o(i.TIM_SelectCCDMA), (28 bytes).
    Removing hk32l0xx_tim.o(i.TIM_SelectCHToADCConfig), (316 bytes).
    Removing hk32l0xx_tim.o(i.TIM_SelectCOM), (28 bytes).
    Removing hk32l0xx_tim.o(i.TIM_SelectHallSensor), (28 bytes).
    Removing hk32l0xx_tim.o(i.TIM_SelectInputTrigger), (28 bytes).
    Removing hk32l0xx_tim.o(i.TIM_SelectMasterSlaveMode), (20 bytes).
    Removing hk32l0xx_tim.o(i.TIM_SelectOCREFClear), (20 bytes).
    Removing hk32l0xx_tim.o(i.TIM_SelectOCxM), (86 bytes).
    Removing hk32l0xx_tim.o(i.TIM_SelectOnePulseMode), (20 bytes).
    Removing hk32l0xx_tim.o(i.TIM_SelectSlaveMode), (20 bytes).
    Removing hk32l0xx_tim.o(i.TIM_SetAutoreload), (4 bytes).
    Removing hk32l0xx_tim.o(i.TIM_SetClockDivision), (20 bytes).
    Removing hk32l0xx_tim.o(i.TIM_SetCompare1), (4 bytes).
    Removing hk32l0xx_tim.o(i.TIM_SetCompare2), (4 bytes).
    Removing hk32l0xx_tim.o(i.TIM_SetCompare3), (4 bytes).
    Removing hk32l0xx_tim.o(i.TIM_SetCompare4), (4 bytes).
    Removing hk32l0xx_tim.o(i.TIM_SetCounter), (4 bytes).
    Removing hk32l0xx_tim.o(i.TIM_SetIC1Prescaler), (20 bytes).
    Removing hk32l0xx_tim.o(i.TIM_SetIC2Prescaler), (24 bytes).
    Removing hk32l0xx_tim.o(i.TIM_SetIC3Prescaler), (20 bytes).
    Removing hk32l0xx_tim.o(i.TIM_SetIC4Prescaler), (24 bytes).
    Removing hk32l0xx_tim.o(i.TIM_SourceofBreakConfig), (40 bytes).
    Removing hk32l0xx_tim.o(i.TIM_SourceofClearOCREFConfig), (28 bytes).
    Removing hk32l0xx_tim.o(i.TIM_TIxExternalClockConfig), (58 bytes).
    Removing hk32l0xx_tim.o(i.TIM_UpdateDisableConfig), (28 bytes).
    Removing hk32l0xx_tim.o(i.TIM_UpdateRequestConfig), (28 bytes).
    Removing hk32l0xx_trng.o(.rev16_text), (4 bytes).
    Removing hk32l0xx_trng.o(.revsh_text), (4 bytes).
    Removing hk32l0xx_trng.o(i.TRNG_ClearITPendingBit), (16 bytes).
    Removing hk32l0xx_trng.o(i.TRNG_Cmd), (36 bytes).
    Removing hk32l0xx_trng.o(i.TRNG_DeInit), (22 bytes).
    Removing hk32l0xx_trng.o(i.TRNG_GetFlagStatus), (28 bytes).
    Removing hk32l0xx_trng.o(i.TRNG_GetITStatus), (60 bytes).
    Removing hk32l0xx_trng.o(i.TRNG_GetRandomNumber), (68 bytes).
    Removing hk32l0xx_trng.o(i.TRNG_GetRandomNumberIT), (24 bytes).
    Removing hk32l0xx_trng.o(i.TRNG_ITConfig), (36 bytes).
    Removing hk32l0xx_trng.o(i.TRNG_Init), (36 bytes).
    Removing hk32l0xx_usart.o(.rev16_text), (4 bytes).
    Removing hk32l0xx_usart.o(.revsh_text), (4 bytes).
    Removing hk32l0xx_usart.o(i.USART_AddressDetectionConfig), (16 bytes).
    Removing hk32l0xx_usart.o(i.USART_AutoBaudRateCmd), (28 bytes).
    Removing hk32l0xx_usart.o(i.USART_AutoBaudRateConfig), (18 bytes).
    Removing hk32l0xx_usart.o(i.USART_ClearFlag), (4 bytes).
    Removing hk32l0xx_usart.o(i.USART_ClearITPendingBit), (18 bytes).
    Removing hk32l0xx_usart.o(i.USART_ClockInit), (36 bytes).
    Removing hk32l0xx_usart.o(i.USART_ClockStructInit), (12 bytes).
    Removing hk32l0xx_usart.o(i.USART_DECmd), (28 bytes).
    Removing hk32l0xx_usart.o(i.USART_DEPolarityConfig), (18 bytes).
    Removing hk32l0xx_usart.o(i.USART_DMACmd), (20 bytes).
    Removing hk32l0xx_usart.o(i.USART_DMAReceptionErrorConfig), (18 bytes).
    Removing hk32l0xx_usart.o(i.USART_DataInvCmd), (28 bytes).
    Removing hk32l0xx_usart.o(i.USART_DeInit), (116 bytes).
    Removing hk32l0xx_usart.o(i.USART_DirectionModeCmd), (20 bytes).
    Removing hk32l0xx_usart.o(i.USART_GetITStatus), (78 bytes).
    Removing hk32l0xx_usart.o(i.USART_HalfDuplexCmd), (24 bytes).
    Removing hk32l0xx_usart.o(i.USART_ITConfig), (66 bytes).
    Removing hk32l0xx_usart.o(i.USART_InvPinCmd), (20 bytes).
    Removing hk32l0xx_usart.o(i.USART_IrDACmd), (24 bytes).
    Removing hk32l0xx_usart.o(i.USART_IrDAConfig), (16 bytes).
    Removing hk32l0xx_usart.o(i.USART_LINBreakDetectLengthConfig), (16 bytes).
    Removing hk32l0xx_usart.o(i.USART_LINCmd), (28 bytes).
    Removing hk32l0xx_usart.o(i.USART_MSBFirstCmd), (28 bytes).
    Removing hk32l0xx_usart.o(i.USART_MuteModeCmd), (28 bytes).
    Removing hk32l0xx_usart.o(i.USART_MuteModeWakeUpConfig), (18 bytes).
    Removing hk32l0xx_usart.o(i.USART_OneBitMethodCmd), (28 bytes).
    Removing hk32l0xx_usart.o(i.USART_OverSampling8Cmd), (28 bytes).
    Removing hk32l0xx_usart.o(i.USART_OverrunDetectionConfig), (18 bytes).
    Removing hk32l0xx_usart.o(i.USART_ReceiveData), (10 bytes).
    Removing hk32l0xx_usart.o(i.USART_ReceiverTimeOutCmd), (28 bytes).
    Removing hk32l0xx_usart.o(i.USART_RequestCmd), (20 bytes).
    Removing hk32l0xx_usart.o(i.USART_STOPModeCmd), (24 bytes).
    Removing hk32l0xx_usart.o(i.USART_SWAPPinCmd), (28 bytes).
    Removing hk32l0xx_usart.o(i.USART_SetAddress), (18 bytes).
    Removing hk32l0xx_usart.o(i.USART_SetAutoRetryCount), (20 bytes).
    Removing hk32l0xx_usart.o(i.USART_SetBlockLength), (18 bytes).
    Removing hk32l0xx_usart.o(i.USART_SetDEAssertionTime), (20 bytes).
    Removing hk32l0xx_usart.o(i.USART_SetDEDeassertionTime), (20 bytes).
    Removing hk32l0xx_usart.o(i.USART_SetGuardTime), (16 bytes).
    Removing hk32l0xx_usart.o(i.USART_SetPrescaler), (18 bytes).
    Removing hk32l0xx_usart.o(i.USART_SetReceiverTimeOut), (16 bytes).
    Removing hk32l0xx_usart.o(i.USART_SmartCardCmd), (24 bytes).
    Removing hk32l0xx_usart.o(i.USART_SmartCardNACKCmd), (24 bytes).
    Removing hk32l0xx_usart.o(i.USART_StopModeWakeUpSourceConfig), (18 bytes).
    Removing hk32l0xx_usart.o(i.USART_StructInit), (24 bytes).
    Removing hk32l0xx_wwdg.o(.rev16_text), (4 bytes).
    Removing hk32l0xx_wwdg.o(.revsh_text), (4 bytes).
    Removing hk32l0xx_wwdg.o(i.WWDG_ClearFlag), (12 bytes).
    Removing hk32l0xx_wwdg.o(i.WWDG_DeInit), (22 bytes).
    Removing hk32l0xx_wwdg.o(i.WWDG_Enable), (16 bytes).
    Removing hk32l0xx_wwdg.o(i.WWDG_EnableIT), (20 bytes).
    Removing hk32l0xx_wwdg.o(i.WWDG_GetFlagStatus), (24 bytes).
    Removing hk32l0xx_wwdg.o(i.WWDG_SetCounter), (16 bytes).
    Removing hk32l0xx_wwdg.o(i.WWDG_SetPrescaler), (32 bytes).
    Removing hk32l0xx_wwdg.o(i.WWDG_SetWindowValue), (40 bytes).
    Removing hk32l0xx_eval.o(.rev16_text), (4 bytes).
    Removing hk32l0xx_eval.o(.revsh_text), (4 bytes).
    Removing hk32l0xx_eval.o(i.HK_EVAL_LEDOff), (24 bytes).
    Removing hk32l0xx_eval.o(i.HK_EVAL_LEDToggle), (36 bytes).
    Removing hk32l0xx_eval.o(i.HK_EVAL_PBGetState), (32 bytes).
    Removing hk32l0xx_eval.o(i.HK_EVAL_PBInit), (156 bytes).
    Removing hk32l0xx_eval.o(i.HK_SPI_WriteRead), (60 bytes).
    Removing hk32l0xx_eval.o(i.SD_LowLevel_DeInit), (116 bytes).
    Removing hk32l0xx_eval.o(i.SD_LowLevel_Init), (256 bytes).
    Removing hk32l0xx_eval.o(i.sEE_LowLevel_DeInit), (68 bytes).
    Removing hk32l0xx_eval.o(i.sEE_LowLevel_Init), (88 bytes).
    Removing hk32l0xx_eval.o(i.sFLASH_LowLevel_DeInit), (96 bytes).
    Removing hk32l0xx_eval.o(i.sFLASH_LowLevel_Init), (134 bytes).
    Removing fadd.o(.text), (178 bytes).
    Removing fmul.o(.text), (122 bytes).
    Removing fdiv.o(.text), (124 bytes).
    Removing dadd.o(.text), (356 bytes).
    Removing dmul.o(.text), (208 bytes).
    Removing fflti.o(.text), (22 bytes).
    Removing ffltui.o(.text), (14 bytes).
    Removing ffixi.o(.text), (50 bytes).
    Removing dfixi.o(.text), (72 bytes).
    Removing f2d.o(.text), (40 bytes).
    Removing fepilogue.o(.text), (130 bytes).
    Removing depilogue.o(.text), (190 bytes).
    Removing ddiv.o(.text), (240 bytes).
    Removing dfixul.o(.text), (64 bytes).
    Removing cdrcmple.o(.text), (40 bytes).
    Removing hk32l0xx_lpuart.o(i.__ARM_common_ll_muluu), (48 bytes).
    Removing depilogue.o(i.__ARM_clz), (46 bytes).

817 unused section(s) (total 36397 bytes) removed from the image.

==============================================================================

Image Symbol Table

    Local Symbols

    Symbol Name                              Value     Ov Type        Size  Object(Section)

    ../clib/microlib/division.c              0x00000000   Number         0  uidiv.o ABSOLUTE
    ../clib/microlib/division.c              0x00000000   Number         0  idiv.o ABSOLUTE
    ../clib/microlib/division.c              0x00000000   Number         0  uldiv.o ABSOLUTE
    ../clib/microlib/init/entry.s            0x00000000   Number         0  entry10a.o ABSOLUTE
    ../clib/microlib/init/entry.s            0x00000000   Number         0  entry9b.o ABSOLUTE
    ../clib/microlib/init/entry.s            0x00000000   Number         0  entry9a.o ABSOLUTE
    ../clib/microlib/init/entry.s            0x00000000   Number         0  entry8b.o ABSOLUTE
    ../clib/microlib/init/entry.s            0x00000000   Number         0  entry8a.o ABSOLUTE
    ../clib/microlib/init/entry.s            0x00000000   Number         0  entry7b.o ABSOLUTE
    ../clib/microlib/init/entry.s            0x00000000   Number         0  entry.o ABSOLUTE
    ../clib/microlib/init/entry.s            0x00000000   Number         0  entry2.o ABSOLUTE
    ../clib/microlib/init/entry.s            0x00000000   Number         0  entry5.o ABSOLUTE
    ../clib/microlib/init/entry.s            0x00000000   Number         0  entry7a.o ABSOLUTE
    ../clib/microlib/init/entry.s            0x00000000   Number         0  entry11b.o ABSOLUTE
    ../clib/microlib/init/entry.s            0x00000000   Number         0  entry11a.o ABSOLUTE
    ../clib/microlib/init/entry.s            0x00000000   Number         0  entry10b.o ABSOLUTE
    ../clib/microlib/longlong.c              0x00000000   Number         0  llsshr.o ABSOLUTE
    ../clib/microlib/longlong.c              0x00000000   Number         0  llushr.o ABSOLUTE
    ../clib/microlib/longlong.c              0x00000000   Number         0  llshl.o ABSOLUTE
    ../clib/microlib/printf/printf.c         0x00000000   Number         0  printf7.o ABSOLUTE
    ../clib/microlib/printf/printf.c         0x00000000   Number         0  printfb.o ABSOLUTE
    ../clib/microlib/printf/printf.c         0x00000000   Number         0  printf0.o ABSOLUTE
    ../clib/microlib/printf/printf.c         0x00000000   Number         0  printf6.o ABSOLUTE
    ../clib/microlib/printf/printf.c         0x00000000   Number         0  printf5.o ABSOLUTE
    ../clib/microlib/printf/printf.c         0x00000000   Number         0  printf4.o ABSOLUTE
    ../clib/microlib/printf/printf.c         0x00000000   Number         0  printf1.o ABSOLUTE
    ../clib/microlib/printf/printf.c         0x00000000   Number         0  printf2.o ABSOLUTE
    ../clib/microlib/printf/printf.c         0x00000000   Number         0  printf3.o ABSOLUTE
    ../clib/microlib/printf/printf.c         0x00000000   Number         0  printf8.o ABSOLUTE
    ../clib/microlib/printf/printf.c         0x00000000   Number         0  printfa.o ABSOLUTE
    ../clib/microlib/printf/stubs.s          0x00000000   Number         0  stubs.o ABSOLUTE
    ../clib/microlib/stdio/streams.c         0x00000000   Number         0  stdout.o ABSOLUTE
    ../clib/microlib/string/memset.c         0x00000000   Number         0  memseta.o ABSOLUTE
    ../clib/microlib/stubs.s                 0x00000000   Number         0  iusefp.o ABSOLUTE
    ../fplib/microlib/f2d.c                  0x00000000   Number         0  f2d.o ABSOLUTE
    ../fplib/microlib/fpadd.c                0x00000000   Number         0  fadd.o ABSOLUTE
    ../fplib/microlib/fpadd.c                0x00000000   Number         0  dadd.o ABSOLUTE
    ../fplib/microlib/fpdiv.c                0x00000000   Number         0  ddiv.o ABSOLUTE
    ../fplib/microlib/fpdiv.c                0x00000000   Number         0  fdiv.o ABSOLUTE
    ../fplib/microlib/fpepilogue.c           0x00000000   Number         0  depilogue.o ABSOLUTE
    ../fplib/microlib/fpepilogue.c           0x00000000   Number         0  fepilogue.o ABSOLUTE
    ../fplib/microlib/fpfix.c                0x00000000   Number         0  dfixul.o ABSOLUTE
    ../fplib/microlib/fpfix.c                0x00000000   Number         0  dfixi.o ABSOLUTE
    ../fplib/microlib/fpfix.c                0x00000000   Number         0  ffixi.o ABSOLUTE
    ../fplib/microlib/fpflt.c                0x00000000   Number         0  ffltui.o ABSOLUTE
    ../fplib/microlib/fpflt.c                0x00000000   Number         0  fflti.o ABSOLUTE
    ../fplib/microlib/fpmul.c                0x00000000   Number         0  dmul.o ABSOLUTE
    ../fplib/microlib/fpmul.c                0x00000000   Number         0  fmul.o ABSOLUTE
    ..\..\..\..\..\Boards\Board_HK32L0xx_EVAL\hk32l0xx_eval.c 0x00000000   Number         0  hk32l0xx_eval.o ABSOLUTE
    ..\..\..\..\..\Libraries\CMSIS\HK32L0xx\Source\ARM\KEIL_Startup_hk32l0xx.s 0x00000000   Number         0  keil_startup_hk32l0xx.o ABSOLUTE
    ..\..\..\..\..\Libraries\CMSIS\HK32L0xx\Source\system_hk32l0xx.c 0x00000000   Number         0  system_hk32l0xx.o ABSOLUTE
    ..\..\..\..\..\Libraries\HK32L0xx_StdPeriphDriver\src\hk32l0xx_adc.c 0x00000000   Number         0  hk32l0xx_adc.o ABSOLUTE
    ..\..\..\..\..\Libraries\HK32L0xx_StdPeriphDriver\src\hk32l0xx_aes.c 0x00000000   Number         0  hk32l0xx_aes.o ABSOLUTE
    ..\..\..\..\..\Libraries\HK32L0xx_StdPeriphDriver\src\hk32l0xx_beep.c 0x00000000   Number         0  hk32l0xx_beep.o ABSOLUTE
    ..\..\..\..\..\Libraries\HK32L0xx_StdPeriphDriver\src\hk32l0xx_can.c 0x00000000   Number         0  hk32l0xx_can.o ABSOLUTE
    ..\..\..\..\..\Libraries\HK32L0xx_StdPeriphDriver\src\hk32l0xx_clu.c 0x00000000   Number         0  hk32l0xx_clu.o ABSOLUTE
    ..\..\..\..\..\Libraries\HK32L0xx_StdPeriphDriver\src\hk32l0xx_comp.c 0x00000000   Number         0  hk32l0xx_comp.o ABSOLUTE
    ..\..\..\..\..\Libraries\HK32L0xx_StdPeriphDriver\src\hk32l0xx_crc.c 0x00000000   Number         0  hk32l0xx_crc.o ABSOLUTE
    ..\..\..\..\..\Libraries\HK32L0xx_StdPeriphDriver\src\hk32l0xx_dac.c 0x00000000   Number         0  hk32l0xx_dac.o ABSOLUTE
    ..\..\..\..\..\Libraries\HK32L0xx_StdPeriphDriver\src\hk32l0xx_dbgmcu.c 0x00000000   Number         0  hk32l0xx_dbgmcu.o ABSOLUTE
    ..\..\..\..\..\Libraries\HK32L0xx_StdPeriphDriver\src\hk32l0xx_divsqrt.c 0x00000000   Number         0  hk32l0xx_divsqrt.o ABSOLUTE
    ..\..\..\..\..\Libraries\HK32L0xx_StdPeriphDriver\src\hk32l0xx_dma.c 0x00000000   Number         0  hk32l0xx_dma.o ABSOLUTE
    ..\..\..\..\..\Libraries\HK32L0xx_StdPeriphDriver\src\hk32l0xx_eeprom.c 0x00000000   Number         0  hk32l0xx_eeprom.o ABSOLUTE
    ..\..\..\..\..\Libraries\HK32L0xx_StdPeriphDriver\src\hk32l0xx_emacc.c 0x00000000   Number         0  hk32l0xx_emacc.o ABSOLUTE
    ..\..\..\..\..\Libraries\HK32L0xx_StdPeriphDriver\src\hk32l0xx_exti.c 0x00000000   Number         0  hk32l0xx_exti.o ABSOLUTE
    ..\..\..\..\..\Libraries\HK32L0xx_StdPeriphDriver\src\hk32l0xx_flash.c 0x00000000   Number         0  hk32l0xx_flash.o ABSOLUTE
    ..\..\..\..\..\Libraries\HK32L0xx_StdPeriphDriver\src\hk32l0xx_gpio.c 0x00000000   Number         0  hk32l0xx_gpio.o ABSOLUTE
    ..\..\..\..\..\Libraries\HK32L0xx_StdPeriphDriver\src\hk32l0xx_i2c.c 0x00000000   Number         0  hk32l0xx_i2c.o ABSOLUTE
    ..\..\..\..\..\Libraries\HK32L0xx_StdPeriphDriver\src\hk32l0xx_irtim.c 0x00000000   Number         0  hk32l0xx_irtim.o ABSOLUTE
    ..\..\..\..\..\Libraries\HK32L0xx_StdPeriphDriver\src\hk32l0xx_iwdg.c 0x00000000   Number         0  hk32l0xx_iwdg.o ABSOLUTE
    ..\..\..\..\..\Libraries\HK32L0xx_StdPeriphDriver\src\hk32l0xx_lcd.c 0x00000000   Number         0  hk32l0xx_lcd.o ABSOLUTE
    ..\..\..\..\..\Libraries\HK32L0xx_StdPeriphDriver\src\hk32l0xx_lpuart.c 0x00000000   Number         0  hk32l0xx_lpuart.o ABSOLUTE
    ..\..\..\..\..\Libraries\HK32L0xx_StdPeriphDriver\src\hk32l0xx_misc.c 0x00000000   Number         0  hk32l0xx_misc.o ABSOLUTE
    ..\..\..\..\..\Libraries\HK32L0xx_StdPeriphDriver\src\hk32l0xx_opamp.c 0x00000000   Number         0  hk32l0xx_opamp.o ABSOLUTE
    ..\..\..\..\..\Libraries\HK32L0xx_StdPeriphDriver\src\hk32l0xx_pwr.c 0x00000000   Number         0  hk32l0xx_pwr.o ABSOLUTE
    ..\..\..\..\..\Libraries\HK32L0xx_StdPeriphDriver\src\hk32l0xx_rcc.c 0x00000000   Number         0  hk32l0xx_rcc.o ABSOLUTE
    ..\..\..\..\..\Libraries\HK32L0xx_StdPeriphDriver\src\hk32l0xx_rtc.c 0x00000000   Number         0  hk32l0xx_rtc.o ABSOLUTE
    ..\..\..\..\..\Libraries\HK32L0xx_StdPeriphDriver\src\hk32l0xx_spi.c 0x00000000   Number         0  hk32l0xx_spi.o ABSOLUTE
    ..\..\..\..\..\Libraries\HK32L0xx_StdPeriphDriver\src\hk32l0xx_syscfg.c 0x00000000   Number         0  hk32l0xx_syscfg.o ABSOLUTE
    ..\..\..\..\..\Libraries\HK32L0xx_StdPeriphDriver\src\hk32l0xx_tim.c 0x00000000   Number         0  hk32l0xx_tim.o ABSOLUTE
    ..\..\..\..\..\Libraries\HK32L0xx_StdPeriphDriver\src\hk32l0xx_trng.c 0x00000000   Number         0  hk32l0xx_trng.o ABSOLUTE
    ..\..\..\..\..\Libraries\HK32L0xx_StdPeriphDriver\src\hk32l0xx_usart.c 0x00000000   Number         0  hk32l0xx_usart.o ABSOLUTE
    ..\..\..\..\..\Libraries\HK32L0xx_StdPeriphDriver\src\hk32l0xx_wwdg.c 0x00000000   Number         0  hk32l0xx_wwdg.o ABSOLUTE
    ..\\..\\..\\..\\..\\Boards\\Board_HK32L0xx_EVAL\\hk32l0xx_eval.c 0x00000000   Number         0  hk32l0xx_eval.o ABSOLUTE
    ..\\..\\..\\..\\..\\Libraries\\CMSIS\\HK32L0xx\\Source\\system_hk32l0xx.c 0x00000000   Number         0  system_hk32l0xx.o ABSOLUTE
    ..\\..\\..\\..\\..\\Libraries\\HK32L0xx_StdPeriphDriver\\src\\hk32l0xx_adc.c 0x00000000   Number         0  hk32l0xx_adc.o ABSOLUTE
    ..\\..\\..\\..\\..\\Libraries\\HK32L0xx_StdPeriphDriver\\src\\hk32l0xx_aes.c 0x00000000   Number         0  hk32l0xx_aes.o ABSOLUTE
    ..\\..\\..\\..\\..\\Libraries\\HK32L0xx_StdPeriphDriver\\src\\hk32l0xx_beep.c 0x00000000   Number         0  hk32l0xx_beep.o ABSOLUTE
    ..\\..\\..\\..\\..\\Libraries\\HK32L0xx_StdPeriphDriver\\src\\hk32l0xx_can.c 0x00000000   Number         0  hk32l0xx_can.o ABSOLUTE
    ..\\..\\..\\..\\..\\Libraries\\HK32L0xx_StdPeriphDriver\\src\\hk32l0xx_clu.c 0x00000000   Number         0  hk32l0xx_clu.o ABSOLUTE
    ..\\..\\..\\..\\..\\Libraries\\HK32L0xx_StdPeriphDriver\\src\\hk32l0xx_comp.c 0x00000000   Number         0  hk32l0xx_comp.o ABSOLUTE
    ..\\..\\..\\..\\..\\Libraries\\HK32L0xx_StdPeriphDriver\\src\\hk32l0xx_crc.c 0x00000000   Number         0  hk32l0xx_crc.o ABSOLUTE
    ..\\..\\..\\..\\..\\Libraries\\HK32L0xx_StdPeriphDriver\\src\\hk32l0xx_dac.c 0x00000000   Number         0  hk32l0xx_dac.o ABSOLUTE
    ..\\..\\..\\..\\..\\Libraries\\HK32L0xx_StdPeriphDriver\\src\\hk32l0xx_dbgmcu.c 0x00000000   Number         0  hk32l0xx_dbgmcu.o ABSOLUTE
    ..\\..\\..\\..\\..\\Libraries\\HK32L0xx_StdPeriphDriver\\src\\hk32l0xx_divsqrt.c 0x00000000   Number         0  hk32l0xx_divsqrt.o ABSOLUTE
    ..\\..\\..\\..\\..\\Libraries\\HK32L0xx_StdPeriphDriver\\src\\hk32l0xx_dma.c 0x00000000   Number         0  hk32l0xx_dma.o ABSOLUTE
    ..\\..\\..\\..\\..\\Libraries\\HK32L0xx_StdPeriphDriver\\src\\hk32l0xx_eeprom.c 0x00000000   Number         0  hk32l0xx_eeprom.o ABSOLUTE
    ..\\..\\..\\..\\..\\Libraries\\HK32L0xx_StdPeriphDriver\\src\\hk32l0xx_emacc.c 0x00000000   Number         0  hk32l0xx_emacc.o ABSOLUTE
    ..\\..\\..\\..\\..\\Libraries\\HK32L0xx_StdPeriphDriver\\src\\hk32l0xx_exti.c 0x00000000   Number         0  hk32l0xx_exti.o ABSOLUTE
    ..\\..\\..\\..\\..\\Libraries\\HK32L0xx_StdPeriphDriver\\src\\hk32l0xx_flash.c 0x00000000   Number         0  hk32l0xx_flash.o ABSOLUTE
    ..\\..\\..\\..\\..\\Libraries\\HK32L0xx_StdPeriphDriver\\src\\hk32l0xx_gpio.c 0x00000000   Number         0  hk32l0xx_gpio.o ABSOLUTE
    ..\\..\\..\\..\\..\\Libraries\\HK32L0xx_StdPeriphDriver\\src\\hk32l0xx_i2c.c 0x00000000   Number         0  hk32l0xx_i2c.o ABSOLUTE
    ..\\..\\..\\..\\..\\Libraries\\HK32L0xx_StdPeriphDriver\\src\\hk32l0xx_irtim.c 0x00000000   Number         0  hk32l0xx_irtim.o ABSOLUTE
    ..\\..\\..\\..\\..\\Libraries\\HK32L0xx_StdPeriphDriver\\src\\hk32l0xx_iwdg.c 0x00000000   Number         0  hk32l0xx_iwdg.o ABSOLUTE
    ..\\..\\..\\..\\..\\Libraries\\HK32L0xx_StdPeriphDriver\\src\\hk32l0xx_lcd.c 0x00000000   Number         0  hk32l0xx_lcd.o ABSOLUTE
    ..\\..\\..\\..\\..\\Libraries\\HK32L0xx_StdPeriphDriver\\src\\hk32l0xx_lpuart.c 0x00000000   Number         0  hk32l0xx_lpuart.o ABSOLUTE
    ..\\..\\..\\..\\..\\Libraries\\HK32L0xx_StdPeriphDriver\\src\\hk32l0xx_misc.c 0x00000000   Number         0  hk32l0xx_misc.o ABSOLUTE
    ..\\..\\..\\..\\..\\Libraries\\HK32L0xx_StdPeriphDriver\\src\\hk32l0xx_opamp.c 0x00000000   Number         0  hk32l0xx_opamp.o ABSOLUTE
    ..\\..\\..\\..\\..\\Libraries\\HK32L0xx_StdPeriphDriver\\src\\hk32l0xx_pwr.c 0x00000000   Number         0  hk32l0xx_pwr.o ABSOLUTE
    ..\\..\\..\\..\\..\\Libraries\\HK32L0xx_StdPeriphDriver\\src\\hk32l0xx_rcc.c 0x00000000   Number         0  hk32l0xx_rcc.o ABSOLUTE
    ..\\..\\..\\..\\..\\Libraries\\HK32L0xx_StdPeriphDriver\\src\\hk32l0xx_rtc.c 0x00000000   Number         0  hk32l0xx_rtc.o ABSOLUTE
    ..\\..\\..\\..\\..\\Libraries\\HK32L0xx_StdPeriphDriver\\src\\hk32l0xx_spi.c 0x00000000   Number         0  hk32l0xx_spi.o ABSOLUTE
    ..\\..\\..\\..\\..\\Libraries\\HK32L0xx_StdPeriphDriver\\src\\hk32l0xx_syscfg.c 0x00000000   Number         0  hk32l0xx_syscfg.o ABSOLUTE
    ..\\..\\..\\..\\..\\Libraries\\HK32L0xx_StdPeriphDriver\\src\\hk32l0xx_tim.c 0x00000000   Number         0  hk32l0xx_tim.o ABSOLUTE
    ..\\..\\..\\..\\..\\Libraries\\HK32L0xx_StdPeriphDriver\\src\\hk32l0xx_trng.c 0x00000000   Number         0  hk32l0xx_trng.o ABSOLUTE
    ..\\..\\..\\..\\..\\Libraries\\HK32L0xx_StdPeriphDriver\\src\\hk32l0xx_usart.c 0x00000000   Number         0  hk32l0xx_usart.o ABSOLUTE
    ..\\..\\..\\..\\..\\Libraries\\HK32L0xx_StdPeriphDriver\\src\\hk32l0xx_wwdg.c 0x00000000   Number         0  hk32l0xx_wwdg.o ABSOLUTE
    ..\\src\\hk32l0xx_it.c                   0x00000000   Number         0  hk32l0xx_it.o ABSOLUTE
    ..\\src\\main.c                          0x00000000   Number         0  main.o ABSOLUTE
    ..\src\hk32l0xx_it.c                     0x00000000   Number         0  hk32l0xx_it.o ABSOLUTE
    ..\src\main.c                            0x00000000   Number         0  main.o ABSOLUTE
    cdrcmple.s                               0x00000000   Number         0  cdrcmple.o ABSOLUTE
    dc.s                                     0x00000000   Number         0  dc.o ABSOLUTE
    handlers.s                               0x00000000   Number         0  handlers.o ABSOLUTE
    init.s                                   0x00000000   Number         0  init.o ABSOLUTE
    RESET                                    0x08000000   Section      192  keil_startup_hk32l0xx.o(RESET)
    .ARM.Collect$$$$00000000                 0x080000c0   Section        0  entry.o(.ARM.Collect$$$$00000000)
    .ARM.Collect$$$$00000001                 0x080000c0   Section        4  entry2.o(.ARM.Collect$$$$00000001)
    .ARM.Collect$$$$00000004                 0x080000c4   Section        4  entry5.o(.ARM.Collect$$$$00000004)
    .ARM.Collect$$$$00000008                 0x080000c8   Section        0  entry7b.o(.ARM.Collect$$$$00000008)
    .ARM.Collect$$$$0000000A                 0x080000c8   Section        0  entry8b.o(.ARM.Collect$$$$0000000A)
    .ARM.Collect$$$$0000000B                 0x080000c8   Section        8  entry9a.o(.ARM.Collect$$$$0000000B)
    .ARM.Collect$$$$0000000D                 0x080000d0   Section        0  entry10a.o(.ARM.Collect$$$$0000000D)
    .ARM.Collect$$$$0000000F                 0x080000d0   Section        0  entry11a.o(.ARM.Collect$$$$0000000F)
    .ARM.Collect$$$$00002712                 0x080000d0   Section        4  entry2.o(.ARM.Collect$$$$00002712)
    __lit__00000000                          0x080000d0   Data           4  entry2.o(.ARM.Collect$$$$00002712)
    .text                                    0x080000d4   Section       28  keil_startup_hk32l0xx.o(.text)
    .text                                    0x080000f0   Section        0  uidiv.o(.text)
    .text                                    0x0800011c   Section        0  idiv.o(.text)
    .text                                    0x08000144   Section       36  init.o(.text)
    i.ADC_AutoPowerOffCmd                    0x08000168   Section        0  hk32l0xx_adc.o(i.ADC_AutoPowerOffCmd)
    i.ADC_COMP_IRQHandler                    0x08000184   Section        0  hk32l0xx_it.o(i.ADC_COMP_IRQHandler)
    i.ADC_ChannelConfig                      0x080001a8   Section        0  hk32l0xx_adc.o(i.ADC_ChannelConfig)
    i.ADC_ClearITPendingBit                  0x080001c0   Section        0  hk32l0xx_adc.o(i.ADC_ClearITPendingBit)
    i.ADC_Cmd                                0x080001c4   Section        0  hk32l0xx_adc.o(i.ADC_Cmd)
    i.ADC_Config                             0x080001dc   Section        0  main.o(i.ADC_Config)
    ADC_Config                               0x080001dd   Thumb Code   178  main.o(i.ADC_Config)
    i.ADC_DeInit                             0x08000294   Section        0  hk32l0xx_adc.o(i.ADC_DeInit)
    i.ADC_GetCalibrationFactor               0x080002b4   Section        0  hk32l0xx_adc.o(i.ADC_GetCalibrationFactor)
    i.ADC_GetConversionValue                 0x080002f0   Section        0  hk32l0xx_adc.o(i.ADC_GetConversionValue)
    i.ADC_GetFlagStatus                      0x080002f8   Section        0  hk32l0xx_adc.o(i.ADC_GetFlagStatus)
    i.ADC_GetITStatus                        0x08000328   Section        0  hk32l0xx_adc.o(i.ADC_GetITStatus)
    i.ADC_ITConfig                           0x0800034a   Section        0  hk32l0xx_adc.o(i.ADC_ITConfig)
    i.ADC_Init                               0x08000360   Section        0  hk32l0xx_adc.o(i.ADC_Init)
    i.ADC_StartOfConversion                  0x0800038c   Section        0  hk32l0xx_adc.o(i.ADC_StartOfConversion)
    i.ADC_WaitModeCmd                        0x08000396   Section        0  hk32l0xx_adc.o(i.ADC_WaitModeCmd)
    i.Display                                0x080003b4   Section        0  main.o(i.Display)
    Display                                  0x080003b5   Thumb Code    56  main.o(i.Display)
    i.GPIO_Init                              0x08000408   Section        0  hk32l0xx_gpio.o(i.GPIO_Init)
    i.GPIO_PinAFConfig                       0x080004ae   Section        0  hk32l0xx_gpio.o(i.GPIO_PinAFConfig)
    i.HK_EVAL_COMInit                        0x080004f4   Section        0  hk32l0xx_eval.o(i.HK_EVAL_COMInit)
    i.HK_EVAL_LEDInit                        0x080005c4   Section        0  hk32l0xx_eval.o(i.HK_EVAL_LEDInit)
    i.HK_EVAL_LEDOn                          0x08000614   Section        0  hk32l0xx_eval.o(i.HK_EVAL_LEDOn)
    i.HardFault_Handler                      0x0800062c   Section        0  hk32l0xx_it.o(i.HardFault_Handler)
    i.LoadOptionData_BGPLDO_to_Pmu           0x08000630   Section        0  system_hk32l0xx.o(i.LoadOptionData_BGPLDO_to_Pmu)
    LoadOptionData_BGPLDO_to_Pmu             0x08000631   Thumb Code   176  system_hk32l0xx.o(i.LoadOptionData_BGPLDO_to_Pmu)
    i.NMI_Handler                            0x08000708   Section        0  hk32l0xx_it.o(i.NMI_Handler)
    i.NVIC_Init                              0x0800070c   Section        0  hk32l0xx_misc.o(i.NVIC_Init)
    i.PendSV_Handler                         0x0800077c   Section        0  hk32l0xx_it.o(i.PendSV_Handler)
    i.RCC_AHBPeriphClockCmd                  0x08000780   Section        0  hk32l0xx_rcc.o(i.RCC_AHBPeriphClockCmd)
    i.RCC_APB1PeriphClockCmd                 0x080007a0   Section        0  hk32l0xx_rcc.o(i.RCC_APB1PeriphClockCmd)
    i.RCC_APB1PeriphResetCmd                 0x080007f0   Section        0  hk32l0xx_rcc.o(i.RCC_APB1PeriphResetCmd)
    i.RCC_APB2PeriphClockCmd                 0x08000810   Section        0  hk32l0xx_rcc.o(i.RCC_APB2PeriphClockCmd)
    i.RCC_APB2PeriphResetCmd                 0x08000830   Section        0  hk32l0xx_rcc.o(i.RCC_APB2PeriphResetCmd)
    i.RCC_GetClocksFreq                      0x08000850   Section        0  hk32l0xx_rcc.o(i.RCC_GetClocksFreq)
    i.SVC_Handler                            0x08000c8e   Section        0  hk32l0xx_it.o(i.SVC_Handler)
    i.SetSysClock                            0x08000c90   Section        0  system_hk32l0xx.o(i.SetSysClock)
    SetSysClock                              0x08000c91   Thumb Code   178  system_hk32l0xx.o(i.SetSysClock)
    i.SetSysClockTo48_HSE8M_PLL              0x08000d60   Section        0  system_hk32l0xx.o(i.SetSysClockTo48_HSE8M_PLL)
    SetSysClockTo48_HSE8M_PLL                0x08000d61   Thumb Code   272  system_hk32l0xx.o(i.SetSysClockTo48_HSE8M_PLL)
    i.SysTick_Handler                        0x08000e7c   Section        0  hk32l0xx_it.o(i.SysTick_Handler)
    i.SystemInit                             0x08000e80   Section        0  system_hk32l0xx.o(i.SystemInit)
    i.TIM_Cmd                                0x08000f08   Section        0  hk32l0xx_tim.o(i.TIM_Cmd)
    i.TIM_Config                             0x08000f24   Section        0  main.o(i.TIM_Config)
    TIM_Config                               0x08000f25   Thumb Code    88  main.o(i.TIM_Config)
    i.TIM_DeInit                             0x08000f84   Section        0  hk32l0xx_tim.o(i.TIM_DeInit)
    i.TIM_OCStructInit                       0x08001050   Section        0  hk32l0xx_tim.o(i.TIM_OCStructInit)
    i.TIM_SelectOutputTrigger                0x08001064   Section        0  hk32l0xx_tim.o(i.TIM_SelectOutputTrigger)
    i.TIM_TimeBaseInit                       0x08001078   Section        0  hk32l0xx_tim.o(i.TIM_TimeBaseInit)
    i.TIM_TimeBaseStructInit                 0x080010c0   Section        0  hk32l0xx_tim.o(i.TIM_TimeBaseStructInit)
    i.USART_Cmd                              0x080010d2   Section        0  hk32l0xx_usart.o(i.USART_Cmd)
    i.USART_Config                           0x080010ea   Section        0  main.o(i.USART_Config)
    USART_Config                             0x080010eb   Thumb Code    36  main.o(i.USART_Config)
    i.USART_GetFlagStatus                    0x0800110e   Section        0  hk32l0xx_usart.o(i.USART_GetFlagStatus)
    i.USART_Init                             0x08001124   Section        0  hk32l0xx_usart.o(i.USART_Init)
    i.USART_SendData                         0x0800120c   Section        0  hk32l0xx_usart.o(i.USART_SendData)
    i.__0printf$1                            0x08001214   Section        0  printf1.o(i.__0printf$1)
    i.__ARM_common_switch8                   0x08001234   Section        0  hk32l0xx_lcd.o(i.__ARM_common_switch8)
    i.__scatterload_copy                     0x08001250   Section       14  handlers.o(i.__scatterload_copy)
    i.__scatterload_null                     0x0800125e   Section        2  handlers.o(i.__scatterload_null)
    i.__scatterload_zeroinit                 0x08001260   Section       14  handlers.o(i.__scatterload_zeroinit)
    i._printf_core                           0x08001270   Section        0  printf1.o(i._printf_core)
    _printf_core                             0x08001271   Thumb Code   332  printf1.o(i._printf_core)
    i.fputc                                  0x080013c0   Section        0  hk32l0xx_eval.o(i.fputc)
    i.main                                   0x080013f4   Section        0  main.o(i.main)
    .constdata                               0x0800144c   Section       56  hk32l0xx_eval.o(.constdata)
    .data                                    0x20000000   Section        4  main.o(.data)
    .data                                    0x20000004   Section       20  system_hk32l0xx.o(.data)
    .data                                    0x20000018   Section       20  hk32l0xx_rcc.o(.data)
    LCDENReg                                 0x20000018   Data           4  hk32l0xx_rcc.o(.data)
    APBAHBPrescTable                         0x2000001c   Data          16  hk32l0xx_rcc.o(.data)
    .data                                    0x2000002c   Section       28  hk32l0xx_eval.o(.data)
    .data                                    0x20000048   Section        4  stdout.o(.data)
    STACK                                    0x20000050   Section     2048  keil_startup_hk32l0xx.o(STACK)

    Global Symbols

    Symbol Name                              Value     Ov Type        Size  Object(Section)

    BuildAttributes$$THM_ISAv3M$S$PE$A:L22$X:L11$S22$IEEE1$IW$USESV6$~STKCKD$USESV7$~SHL$OTIME$ROPI$EBA8$MICROLIB$REQ8$PRES8$EABIv2 0x00000000   Number         0  anon$$obj.o ABSOLUTE
    __ARM_use_no_argv                        0x00000000   Number         0  main.o ABSOLUTE
    _printf_a                                0x00000000   Number         0  stubs.o ABSOLUTE
    _printf_c                                0x00000000   Number         0  stubs.o ABSOLUTE
    _printf_charcount                        0x00000000   Number         0  stubs.o ABSOLUTE
    _printf_d                                0x00000000   Number         0  stubs.o ABSOLUTE
    _printf_e                                0x00000000   Number         0  stubs.o ABSOLUTE
    _printf_f                                0x00000000   Number         0  stubs.o ABSOLUTE
    _printf_flags                            0x00000000   Number         0  stubs.o ABSOLUTE
    _printf_fp_dec                           0x00000000   Number         0  stubs.o ABSOLUTE
    _printf_fp_hex                           0x00000000   Number         0  stubs.o ABSOLUTE
    _printf_g                                0x00000000   Number         0  stubs.o ABSOLUTE
    _printf_i                                0x00000000   Number         0  stubs.o ABSOLUTE
    _printf_int_dec                          0x00000000   Number         0  stubs.o ABSOLUTE
    _printf_l                                0x00000000   Number         0  stubs.o ABSOLUTE
    _printf_lc                               0x00000000   Number         0  stubs.o ABSOLUTE
    _printf_ll                               0x00000000   Number         0  stubs.o ABSOLUTE
    _printf_lld                              0x00000000   Number         0  stubs.o ABSOLUTE
    _printf_lli                              0x00000000   Number         0  stubs.o ABSOLUTE
    _printf_llo                              0x00000000   Number         0  stubs.o ABSOLUTE
    _printf_llu                              0x00000000   Number         0  stubs.o ABSOLUTE
    _printf_llx                              0x00000000   Number         0  stubs.o ABSOLUTE
    _printf_longlong_dec                     0x00000000   Number         0  stubs.o ABSOLUTE
    _printf_longlong_hex                     0x00000000   Number         0  stubs.o ABSOLUTE
    _printf_longlong_oct                     0x00000000   Number         0  stubs.o ABSOLUTE
    _printf_ls                               0x00000000   Number         0  stubs.o ABSOLUTE
    _printf_mbtowc                           0x00000000   Number         0  stubs.o ABSOLUTE
    _printf_n                                0x00000000   Number         0  stubs.o ABSOLUTE
    _printf_o                                0x00000000   Number         0  stubs.o ABSOLUTE
    _printf_p                                0x00000000   Number         0  stubs.o ABSOLUTE
    _printf_percent                          0x00000000   Number         0  stubs.o ABSOLUTE
    _printf_pre_padding                      0x00000000   Number         0  stubs.o ABSOLUTE
    _printf_return_value                     0x00000000   Number         0  stubs.o ABSOLUTE
    _printf_s                                0x00000000   Number         0  stubs.o ABSOLUTE
    _printf_sizespec                         0x00000000   Number         0  stubs.o ABSOLUTE
    _printf_str                              0x00000000   Number         0  stubs.o ABSOLUTE
    _printf_truncate_signed                  0x00000000   Number         0  stubs.o ABSOLUTE
    _printf_truncate_unsigned                0x00000000   Number         0  stubs.o ABSOLUTE
    _printf_u                                0x00000000   Number         0  stubs.o ABSOLUTE
    _printf_wc                               0x00000000   Number         0  stubs.o ABSOLUTE
    _printf_wctomb                           0x00000000   Number         0  stubs.o ABSOLUTE
    _printf_widthprec                        0x00000000   Number         0  stubs.o ABSOLUTE
    _printf_x                                0x00000000   Number         0  stubs.o ABSOLUTE
    __cpp_initialize__aeabi_                  - Undefined Weak Reference
    __cxa_finalize                            - Undefined Weak Reference
    __decompress                              - Undefined Weak Reference
    _clock_init                               - Undefined Weak Reference
    _microlib_exit                            - Undefined Weak Reference
    __Vectors_Size                           0x000000c0   Number         0  keil_startup_hk32l0xx.o ABSOLUTE
    __Vectors                                0x08000000   Data           4  keil_startup_hk32l0xx.o(RESET)
    __Vectors_End                            0x080000c0   Data           0  keil_startup_hk32l0xx.o(RESET)
    __main                                   0x080000c1   Thumb Code     0  entry.o(.ARM.Collect$$$$00000000)
    _main_stk                                0x080000c1   Thumb Code     0  entry2.o(.ARM.Collect$$$$00000001)
    _main_scatterload                        0x080000c5   Thumb Code     0  entry5.o(.ARM.Collect$$$$00000004)
    __main_after_scatterload                 0x080000c9   Thumb Code     0  entry5.o(.ARM.Collect$$$$00000004)
    _main_clock                              0x080000c9   Thumb Code     0  entry7b.o(.ARM.Collect$$$$00000008)
    _main_cpp_init                           0x080000c9   Thumb Code     0  entry8b.o(.ARM.Collect$$$$0000000A)
    _main_init                               0x080000c9   Thumb Code     0  entry9a.o(.ARM.Collect$$$$0000000B)
    __rt_final_cpp                           0x080000d1   Thumb Code     0  entry10a.o(.ARM.Collect$$$$0000000D)
    __rt_final_exit                          0x080000d1   Thumb Code     0  entry11a.o(.ARM.Collect$$$$0000000F)
    Reset_Handler                            0x080000d5   Thumb Code     8  keil_startup_hk32l0xx.o(.text)
    AES_TRNG_EMACC_IRQHandler                0x080000e7   Thumb Code     0  keil_startup_hk32l0xx.o(.text)
    DAC_IRQHandler                           0x080000e7   Thumb Code     0  keil_startup_hk32l0xx.o(.text)
    DMA_CH1_IRQHandler                       0x080000e7   Thumb Code     0  keil_startup_hk32l0xx.o(.text)
    DMA_CH2_3_IRQHandler                     0x080000e7   Thumb Code     0  keil_startup_hk32l0xx.o(.text)
    DMA_CH4_7_IRQHandler                     0x080000e7   Thumb Code     0  keil_startup_hk32l0xx.o(.text)
    EXTI0_1_IRQHandler                       0x080000e7   Thumb Code     0  keil_startup_hk32l0xx.o(.text)
    EXTI2_3_IRQHandler                       0x080000e7   Thumb Code     0  keil_startup_hk32l0xx.o(.text)
    EXTI4_15_IRQHandler                      0x080000e7   Thumb Code     0  keil_startup_hk32l0xx.o(.text)
    FLASH_IRQHandler                         0x080000e7   Thumb Code     0  keil_startup_hk32l0xx.o(.text)
    I2C1_IRQHandler                          0x080000e7   Thumb Code     0  keil_startup_hk32l0xx.o(.text)
    I2C2_IRQHandler                          0x080000e7   Thumb Code     0  keil_startup_hk32l0xx.o(.text)
    LCD_CAN_IRQHandler                       0x080000e7   Thumb Code     0  keil_startup_hk32l0xx.o(.text)
    LPUART_IRQHandler                        0x080000e7   Thumb Code     0  keil_startup_hk32l0xx.o(.text)
    PVD_IRQHandler                           0x080000e7   Thumb Code     0  keil_startup_hk32l0xx.o(.text)
    RCC_IRQHandler                           0x080000e7   Thumb Code     0  keil_startup_hk32l0xx.o(.text)
    RTC_IRQHandler                           0x080000e7   Thumb Code     0  keil_startup_hk32l0xx.o(.text)
    SPI1_IRQHandler                          0x080000e7   Thumb Code     0  keil_startup_hk32l0xx.o(.text)
    SPI2_IRQHandler                          0x080000e7   Thumb Code     0  keil_startup_hk32l0xx.o(.text)
    TIM14_IRQHandler                         0x080000e7   Thumb Code     0  keil_startup_hk32l0xx.o(.text)
    TIM15_IRQHandler                         0x080000e7   Thumb Code     0  keil_startup_hk32l0xx.o(.text)
    TIM16_IRQHandler                         0x080000e7   Thumb Code     0  keil_startup_hk32l0xx.o(.text)
    TIM17_IRQHandler                         0x080000e7   Thumb Code     0  keil_startup_hk32l0xx.o(.text)
    TIM1_IRQHandler                          0x080000e7   Thumb Code     0  keil_startup_hk32l0xx.o(.text)
    TIM2_IRQHandler                          0x080000e7   Thumb Code     0  keil_startup_hk32l0xx.o(.text)
    TIM3_IRQHandler                          0x080000e7   Thumb Code     0  keil_startup_hk32l0xx.o(.text)
    UART3_4_IRQHandler                       0x080000e7   Thumb Code     0  keil_startup_hk32l0xx.o(.text)
    USART1_IRQHandler                        0x080000e7   Thumb Code     0  keil_startup_hk32l0xx.o(.text)
    USART2_IRQHandler                        0x080000e7   Thumb Code     0  keil_startup_hk32l0xx.o(.text)
    USB_DVSQ_IRQHandler                      0x080000e7   Thumb Code     0  keil_startup_hk32l0xx.o(.text)
    WWDG_IRQHandler                          0x080000e7   Thumb Code     0  keil_startup_hk32l0xx.o(.text)
    __aeabi_uidiv                            0x080000f1   Thumb Code     0  uidiv.o(.text)
    __aeabi_uidivmod                         0x080000f1   Thumb Code    44  uidiv.o(.text)
    __aeabi_idiv                             0x0800011d   Thumb Code     0  idiv.o(.text)
    __aeabi_idivmod                          0x0800011d   Thumb Code    40  idiv.o(.text)
    __scatterload                            0x08000145   Thumb Code    28  init.o(.text)
    __scatterload_rt2                        0x08000145   Thumb Code     0  init.o(.text)
    ADC_AutoPowerOffCmd                      0x08000169   Thumb Code    28  hk32l0xx_adc.o(i.ADC_AutoPowerOffCmd)
    ADC_COMP_IRQHandler                      0x08000185   Thumb Code    30  hk32l0xx_it.o(i.ADC_COMP_IRQHandler)
    ADC_ChannelConfig                        0x080001a9   Thumb Code    24  hk32l0xx_adc.o(i.ADC_ChannelConfig)
    ADC_ClearITPendingBit                    0x080001c1   Thumb Code     4  hk32l0xx_adc.o(i.ADC_ClearITPendingBit)
    ADC_Cmd                                  0x080001c5   Thumb Code    24  hk32l0xx_adc.o(i.ADC_Cmd)
    ADC_DeInit                               0x08000295   Thumb Code    28  hk32l0xx_adc.o(i.ADC_DeInit)
    ADC_GetCalibrationFactor                 0x080002b5   Thumb Code    60  hk32l0xx_adc.o(i.ADC_GetCalibrationFactor)
    ADC_GetConversionValue                   0x080002f1   Thumb Code     8  hk32l0xx_adc.o(i.ADC_GetConversionValue)
    ADC_GetFlagStatus                        0x080002f9   Thumb Code    48  hk32l0xx_adc.o(i.ADC_GetFlagStatus)
    ADC_GetITStatus                          0x08000329   Thumb Code    34  hk32l0xx_adc.o(i.ADC_GetITStatus)
    ADC_ITConfig                             0x0800034b   Thumb Code    20  hk32l0xx_adc.o(i.ADC_ITConfig)
    ADC_Init                                 0x08000361   Thumb Code    40  hk32l0xx_adc.o(i.ADC_Init)
    ADC_StartOfConversion                    0x0800038d   Thumb Code    10  hk32l0xx_adc.o(i.ADC_StartOfConversion)
    ADC_WaitModeCmd                          0x08000397   Thumb Code    28  hk32l0xx_adc.o(i.ADC_WaitModeCmd)
    GPIO_Init                                0x08000409   Thumb Code   166  hk32l0xx_gpio.o(i.GPIO_Init)
    GPIO_PinAFConfig                         0x080004af   Thumb Code    70  hk32l0xx_gpio.o(i.GPIO_PinAFConfig)
    HK_EVAL_COMInit                          0x080004f5   Thumb Code   160  hk32l0xx_eval.o(i.HK_EVAL_COMInit)
    HK_EVAL_LEDInit                          0x080005c5   Thumb Code    68  hk32l0xx_eval.o(i.HK_EVAL_LEDInit)
    HK_EVAL_LEDOn                            0x08000615   Thumb Code    16  hk32l0xx_eval.o(i.HK_EVAL_LEDOn)
    HardFault_Handler                        0x0800062d   Thumb Code     4  hk32l0xx_it.o(i.HardFault_Handler)
    NMI_Handler                              0x08000709   Thumb Code     2  hk32l0xx_it.o(i.NMI_Handler)
    NVIC_Init                                0x0800070d   Thumb Code   106  hk32l0xx_misc.o(i.NVIC_Init)
    PendSV_Handler                           0x0800077d   Thumb Code     2  hk32l0xx_it.o(i.PendSV_Handler)
    RCC_AHBPeriphClockCmd                    0x08000781   Thumb Code    28  hk32l0xx_rcc.o(i.RCC_AHBPeriphClockCmd)
    RCC_APB1PeriphClockCmd                   0x080007a1   Thumb Code    70  hk32l0xx_rcc.o(i.RCC_APB1PeriphClockCmd)
    RCC_APB1PeriphResetCmd                   0x080007f1   Thumb Code    28  hk32l0xx_rcc.o(i.RCC_APB1PeriphResetCmd)
    RCC_APB2PeriphClockCmd                   0x08000811   Thumb Code    28  hk32l0xx_rcc.o(i.RCC_APB2PeriphClockCmd)
    RCC_APB2PeriphResetCmd                   0x08000831   Thumb Code    28  hk32l0xx_rcc.o(i.RCC_APB2PeriphResetCmd)
    RCC_GetClocksFreq                        0x08000851   Thumb Code  1086  hk32l0xx_rcc.o(i.RCC_GetClocksFreq)
    SVC_Handler                              0x08000c8f   Thumb Code     2  hk32l0xx_it.o(i.SVC_Handler)
    SysTick_Handler                          0x08000e7d   Thumb Code     2  hk32l0xx_it.o(i.SysTick_Handler)
    SystemInit                               0x08000e81   Thumb Code   118  system_hk32l0xx.o(i.SystemInit)
    TIM_Cmd                                  0x08000f09   Thumb Code    24  hk32l0xx_tim.o(i.TIM_Cmd)
    TIM_DeInit                               0x08000f85   Thumb Code   180  hk32l0xx_tim.o(i.TIM_DeInit)
    TIM_OCStructInit                         0x08001051   Thumb Code    20  hk32l0xx_tim.o(i.TIM_OCStructInit)
    TIM_SelectOutputTrigger                  0x08001065   Thumb Code    16  hk32l0xx_tim.o(i.TIM_SelectOutputTrigger)
    TIM_TimeBaseInit                         0x08001079   Thumb Code    60  hk32l0xx_tim.o(i.TIM_TimeBaseInit)
    TIM_TimeBaseStructInit                   0x080010c1   Thumb Code    18  hk32l0xx_tim.o(i.TIM_TimeBaseStructInit)
    USART_Cmd                                0x080010d3   Thumb Code    24  hk32l0xx_usart.o(i.USART_Cmd)
    USART_GetFlagStatus                      0x0800110f   Thumb Code    20  hk32l0xx_usart.o(i.USART_GetFlagStatus)
    USART_Init                               0x08001125   Thumb Code   216  hk32l0xx_usart.o(i.USART_Init)
    USART_SendData                           0x0800120d   Thumb Code     8  hk32l0xx_usart.o(i.USART_SendData)
    __0printf$1                              0x08001215   Thumb Code    24  printf1.o(i.__0printf$1)
    __1printf$1                              0x08001215   Thumb Code     0  printf1.o(i.__0printf$1)
    __2printf                                0x08001215   Thumb Code     0  printf1.o(i.__0printf$1)
    __ARM_common_switch8                     0x08001235   Thumb Code    28  hk32l0xx_lcd.o(i.__ARM_common_switch8)
    __scatterload_copy                       0x08001251   Thumb Code    14  handlers.o(i.__scatterload_copy)
    __scatterload_null                       0x0800125f   Thumb Code     2  handlers.o(i.__scatterload_null)
    __scatterload_zeroinit                   0x08001261   Thumb Code    14  handlers.o(i.__scatterload_zeroinit)
    fputc                                    0x080013c1   Thumb Code    44  hk32l0xx_eval.o(i.fputc)
    main                                     0x080013f5   Thumb Code    68  main.o(i.main)
    GPIO_PIN                                 0x0800144c   Data           4  hk32l0xx_eval.o(.constdata)
    GPIO_CLK                                 0x08001450   Data           8  hk32l0xx_eval.o(.constdata)
    BUTTON_PIN                               0x08001458   Data           4  hk32l0xx_eval.o(.constdata)
    BUTTON_CLK                               0x0800145c   Data           8  hk32l0xx_eval.o(.constdata)
    BUTTON_EXTI_LINE                         0x08001464   Data           4  hk32l0xx_eval.o(.constdata)
    BUTTON_PORT_SOURCE                       0x08001468   Data           2  hk32l0xx_eval.o(.constdata)
    BUTTON_PIN_SOURCE                        0x0800146a   Data           2  hk32l0xx_eval.o(.constdata)
    BUTTON_IRQn                              0x0800146c   Data           2  hk32l0xx_eval.o(.constdata)
    COM_USART_CLK                            0x08001470   Data           4  hk32l0xx_eval.o(.constdata)
    COM_TX_PORT_CLK                          0x08001474   Data           4  hk32l0xx_eval.o(.constdata)
    COM_RX_PORT_CLK                          0x08001478   Data           4  hk32l0xx_eval.o(.constdata)
    COM_TX_PIN                               0x0800147c   Data           2  hk32l0xx_eval.o(.constdata)
    COM_RX_PIN                               0x0800147e   Data           2  hk32l0xx_eval.o(.constdata)
    COM_TX_PIN_SOURCE                        0x08001480   Data           1  hk32l0xx_eval.o(.constdata)
    COM_RX_PIN_SOURCE                        0x08001481   Data           1  hk32l0xx_eval.o(.constdata)
    COM_TX_AF                                0x08001482   Data           1  hk32l0xx_eval.o(.constdata)
    COM_RX_AF                                0x08001483   Data           1  hk32l0xx_eval.o(.constdata)
    Region$$Table$$Base                      0x08001484   Number         0  anon$$obj.o(Region$$Table)
    Region$$Table$$Limit                     0x080014a4   Number         0  anon$$obj.o(Region$$Table)
    ADC1ConvertedValue                       0x20000000   Data           2  main.o(.data)
    ADC1ConvertedVoltage                     0x20000002   Data           2  main.o(.data)
    SystemCoreClock                          0x20000004   Data           4  system_hk32l0xx.o(.data)
    AHBPrescTable                            0x20000008   Data          16  system_hk32l0xx.o(.data)
    GPIO_PORT                                0x2000002c   Data           8  hk32l0xx_eval.o(.data)
    BUTTON_PORT                              0x20000034   Data           8  hk32l0xx_eval.o(.data)
    COM_USART                                0x2000003c   Data           4  hk32l0xx_eval.o(.data)
    COM_TX_PORT                              0x20000040   Data           4  hk32l0xx_eval.o(.data)
    COM_RX_PORT                              0x20000044   Data           4  hk32l0xx_eval.o(.data)
    __stdout                                 0x20000048   Data           4  stdout.o(.data)
    __initial_sp                             0x20000850   Data           0  keil_startup_hk32l0xx.o(STACK)



==============================================================================

Memory Map of the image

  Image Entry point : 0x080000c1

  Load Region LR_IROM1 (Base: 0x08000000, Size: 0x000014f0, Max: 0x00020000, ABSOLUTE)

    Execution Region ER_IROM1 (Exec base: 0x08000000, Load base: 0x08000000, Size: 0x000014a4, Max: 0x00020000, ABSOLUTE)

    Exec Addr    Load Addr    Size         Type   Attr      Idx    E Section Name        Object

    0x08000000   0x08000000   0x000000c0   Data   RO            3    RESET               keil_startup_hk32l0xx.o
    0x080000c0   0x080000c0   0x00000000   Code   RO         5316  * .ARM.Collect$$$$00000000  mc_p.l(entry.o)
    0x080000c0   0x080000c0   0x00000004   Code   RO         5608    .ARM.Collect$$$$00000001  mc_p.l(entry2.o)
    0x080000c4   0x080000c4   0x00000004   Code   RO         5611    .ARM.Collect$$$$00000004  mc_p.l(entry5.o)
    0x080000c8   0x080000c8   0x00000000   Code   RO         5613    .ARM.Collect$$$$00000008  mc_p.l(entry7b.o)
    0x080000c8   0x080000c8   0x00000000   Code   RO         5615    .ARM.Collect$$$$0000000A  mc_p.l(entry8b.o)
    0x080000c8   0x080000c8   0x00000008   Code   RO         5616    .ARM.Collect$$$$0000000B  mc_p.l(entry9a.o)
    0x080000d0   0x080000d0   0x00000000   Code   RO         5618    .ARM.Collect$$$$0000000D  mc_p.l(entry10a.o)
    0x080000d0   0x080000d0   0x00000000   Code   RO         5620    .ARM.Collect$$$$0000000F  mc_p.l(entry11a.o)
    0x080000d0   0x080000d0   0x00000004   Code   RO         5609    .ARM.Collect$$$$00002712  mc_p.l(entry2.o)
    0x080000d4   0x080000d4   0x0000001c   Code   RO            4    .text               keil_startup_hk32l0xx.o
    0x080000f0   0x080000f0   0x0000002c   Code   RO         5319    .text               mc_p.l(uidiv.o)
    0x0800011c   0x0800011c   0x00000028   Code   RO         5321    .text               mc_p.l(idiv.o)
    0x08000144   0x08000144   0x00000024   Code   RO         5643    .text               mc_p.l(init.o)
    0x08000168   0x08000168   0x0000001c   Code   RO          292    i.ADC_AutoPowerOffCmd  hk32l0xx_adc.o
    0x08000184   0x08000184   0x00000024   Code   RO          187    i.ADC_COMP_IRQHandler  hk32l0xx_it.o
    0x080001a8   0x080001a8   0x00000018   Code   RO          293    i.ADC_ChannelConfig  hk32l0xx_adc.o
    0x080001c0   0x080001c0   0x00000004   Code   RO          296    i.ADC_ClearITPendingBit  hk32l0xx_adc.o
    0x080001c4   0x080001c4   0x00000018   Code   RO          297    i.ADC_Cmd           hk32l0xx_adc.o
    0x080001dc   0x080001dc   0x000000b8   Code   RO           12    i.ADC_Config        main.o
    0x08000294   0x08000294   0x00000020   Code   RO          303    i.ADC_DeInit        hk32l0xx_adc.o
    0x080002b4   0x080002b4   0x0000003c   Code   RO          307    i.ADC_GetCalibrationFactor  hk32l0xx_adc.o
    0x080002f0   0x080002f0   0x00000008   Code   RO          309    i.ADC_GetConversionValue  hk32l0xx_adc.o
    0x080002f8   0x080002f8   0x00000030   Code   RO          310    i.ADC_GetFlagStatus  hk32l0xx_adc.o
    0x08000328   0x08000328   0x00000022   Code   RO          311    i.ADC_GetITStatus   hk32l0xx_adc.o
    0x0800034a   0x0800034a   0x00000014   Code   RO          314    i.ADC_ITConfig      hk32l0xx_adc.o
    0x0800035e   0x0800035e   0x00000002   PAD
    0x08000360   0x08000360   0x0000002c   Code   RO          315    i.ADC_Init          hk32l0xx_adc.o
    0x0800038c   0x0800038c   0x0000000a   Code   RO          324    i.ADC_StartOfConversion  hk32l0xx_adc.o
    0x08000396   0x08000396   0x0000001c   Code   RO          330    i.ADC_WaitModeCmd   hk32l0xx_adc.o
    0x080003b2   0x080003b2   0x00000002   PAD
    0x080003b4   0x080003b4   0x00000054   Code   RO           13    i.Display           main.o
    0x08000408   0x08000408   0x000000a6   Code   RO         1920    i.GPIO_Init         hk32l0xx_gpio.o
    0x080004ae   0x080004ae   0x00000046   Code   RO         1921    i.GPIO_PinAFConfig  hk32l0xx_gpio.o
    0x080004f4   0x080004f4   0x000000d0   Code   RO         5210    i.HK_EVAL_COMInit   hk32l0xx_eval.o
    0x080005c4   0x080005c4   0x00000050   Code   RO         5211    i.HK_EVAL_LEDInit   hk32l0xx_eval.o
    0x08000614   0x08000614   0x00000018   Code   RO         5213    i.HK_EVAL_LEDOn     hk32l0xx_eval.o
    0x0800062c   0x0800062c   0x00000004   Code   RO          188    i.HardFault_Handler  hk32l0xx_it.o
    0x08000630   0x08000630   0x000000d8   Code   RO          240    i.LoadOptionData_BGPLDO_to_Pmu  system_hk32l0xx.o
    0x08000708   0x08000708   0x00000002   Code   RO          189    i.NMI_Handler       hk32l0xx_it.o
    0x0800070a   0x0800070a   0x00000002   PAD
    0x0800070c   0x0800070c   0x00000070   Code   RO         2763    i.NVIC_Init         hk32l0xx_misc.o
    0x0800077c   0x0800077c   0x00000002   Code   RO          190    i.PendSV_Handler    hk32l0xx_it.o
    0x0800077e   0x0800077e   0x00000002   PAD
    0x08000780   0x08000780   0x00000020   Code   RO         3152    i.RCC_AHBPeriphClockCmd  hk32l0xx_rcc.o
    0x080007a0   0x080007a0   0x00000050   Code   RO         3154    i.RCC_APB1PeriphClockCmd  hk32l0xx_rcc.o
    0x080007f0   0x080007f0   0x00000020   Code   RO         3155    i.RCC_APB1PeriphResetCmd  hk32l0xx_rcc.o
    0x08000810   0x08000810   0x00000020   Code   RO         3156    i.RCC_APB2PeriphClockCmd  hk32l0xx_rcc.o
    0x08000830   0x08000830   0x00000020   Code   RO         3157    i.RCC_APB2PeriphResetCmd  hk32l0xx_rcc.o
    0x08000850   0x08000850   0x0000043e   Code   RO         3168    i.RCC_GetClocksFreq  hk32l0xx_rcc.o
    0x08000c8e   0x08000c8e   0x00000002   Code   RO          191    i.SVC_Handler       hk32l0xx_it.o
    0x08000c90   0x08000c90   0x000000d0   Code   RO          241    i.SetSysClock       system_hk32l0xx.o
    0x08000d60   0x08000d60   0x0000011c   Code   RO          242    i.SetSysClockTo48_HSE8M_PLL  system_hk32l0xx.o
    0x08000e7c   0x08000e7c   0x00000002   Code   RO          192    i.SysTick_Handler   hk32l0xx_it.o
    0x08000e7e   0x08000e7e   0x00000002   PAD
    0x08000e80   0x08000e80   0x00000088   Code   RO          244    i.SystemInit        system_hk32l0xx.o
    0x08000f08   0x08000f08   0x0000001c   Code   RO         4177    i.TIM_Cmd           hk32l0xx_tim.o
    0x08000f24   0x08000f24   0x00000060   Code   RO           14    i.TIM_Config        main.o
    0x08000f84   0x08000f84   0x000000cc   Code   RO         4182    i.TIM_DeInit        hk32l0xx_tim.o
    0x08001050   0x08001050   0x00000014   Code   RO         4224    i.TIM_OCStructInit  hk32l0xx_tim.o
    0x08001064   0x08001064   0x00000014   Code   RO         4237    i.TIM_SelectOutputTrigger  hk32l0xx_tim.o
    0x08001078   0x08001078   0x00000048   Code   RO         4253    i.TIM_TimeBaseInit  hk32l0xx_tim.o
    0x080010c0   0x080010c0   0x00000012   Code   RO         4254    i.TIM_TimeBaseStructInit  hk32l0xx_tim.o
    0x080010d2   0x080010d2   0x00000018   Code   RO         4847    i.USART_Cmd         hk32l0xx_usart.o
    0x080010ea   0x080010ea   0x00000024   Code   RO           15    i.USART_Config      main.o
    0x0800110e   0x0800110e   0x00000014   Code   RO         4855    i.USART_GetFlagStatus  hk32l0xx_usart.o
    0x08001122   0x08001122   0x00000002   PAD
    0x08001124   0x08001124   0x000000e8   Code   RO         4859    i.USART_Init        hk32l0xx_usart.o
    0x0800120c   0x0800120c   0x00000008   Code   RO         4876    i.USART_SendData    hk32l0xx_usart.o
    0x08001214   0x08001214   0x00000020   Code   RO         5372    i.__0printf$1       mc_p.l(printf1.o)
    0x08001234   0x08001234   0x0000001c   Code   RO         2554    i.__ARM_common_switch8  hk32l0xx_lcd.o
    0x08001250   0x08001250   0x0000000e   Code   RO         5646    i.__scatterload_copy  mc_p.l(handlers.o)
    0x0800125e   0x0800125e   0x00000002   Code   RO         5647    i.__scatterload_null  mc_p.l(handlers.o)
    0x08001260   0x08001260   0x0000000e   Code   RO         5648    i.__scatterload_zeroinit  mc_p.l(handlers.o)
    0x0800126e   0x0800126e   0x00000002   PAD
    0x08001270   0x08001270   0x00000150   Code   RO         5379    i._printf_core      mc_p.l(printf1.o)
    0x080013c0   0x080013c0   0x00000034   Code   RO         5220    i.fputc             hk32l0xx_eval.o
    0x080013f4   0x080013f4   0x00000058   Code   RO           16    i.main              main.o
    0x0800144c   0x0800144c   0x00000038   Data   RO         5225    .constdata          hk32l0xx_eval.o
    0x08001484   0x08001484   0x00000020   Data   RO         5645    Region$$Table       anon$$obj.o


    Execution Region RW_IRAM1 (Exec base: 0x20000000, Load base: 0x080014a4, Size: 0x00000850, Max: 0x00005000, ABSOLUTE)

    Exec Addr    Load Addr    Size         Type   Attr      Idx    E Section Name        Object

    0x20000000   0x080014a4   0x00000004   Data   RW           17    .data               main.o
    0x20000004   0x080014a8   0x00000014   Data   RW          245    .data               system_hk32l0xx.o
    0x20000018   0x080014bc   0x00000014   Data   RW         3207    .data               hk32l0xx_rcc.o
    0x2000002c   0x080014d0   0x0000001c   Data   RW         5226    .data               hk32l0xx_eval.o
    0x20000048   0x080014ec   0x00000004   Data   RW         5622    .data               mc_p.l(stdout.o)
    0x2000004c   0x080014f0   0x00000004   PAD
    0x20000050        -       0x00000800   Zero   RW            1    STACK               keil_startup_hk32l0xx.o


==============================================================================

Image component sizes


      Code (inc. data)   RO Data    RW Data    ZI Data      Debug   Object Name

       364          8          0          0          0       9811   hk32l0xx_adc.o
       364         76         56         28          0       4756   hk32l0xx_eval.o
       236          0          0          0          0       2279   hk32l0xx_gpio.o
        48          6          0          0          0       2929   hk32l0xx_it.o
        28          0          0          0          0         76   hk32l0xx_lcd.o
       112          6          0          0          0       1196   hk32l0xx_misc.o
      1294        108          0         20          0       5840   hk32l0xx_rcc.o
       362         44          0          0          0       4816   hk32l0xx_tim.o
       284         16          0          0          0       3868   hk32l0xx_usart.o
        28          8        192          0       2048        808   keil_startup_hk32l0xx.o
       488         62          0          4          0     580261   main.o
       844        100          0         20          0       3593   system_hk32l0xx.o

    ----------------------------------------------------------------------
      4464        434        280         72       2048     620233   Object Totals
         0          0         32          0          0          0   (incl. Generated)
        12          0          0          0          0          0   (incl. Padding)

    ----------------------------------------------------------------------

      Code (inc. data)   RO Data    RW Data    ZI Data      Debug   Library Member Name

         0          0          0          0          0          0   entry.o
         0          0          0          0          0          0   entry10a.o
         0          0          0          0          0          0   entry11a.o
         8          4          0          0          0          0   entry2.o
         4          0          0          0          0          0   entry5.o
         0          0          0          0          0          0   entry7b.o
         0          0          0          0          0          0   entry8b.o
         8          4          0          0          0          0   entry9a.o
        30          0          0          0          0          0   handlers.o
        40          0          0          0          0         72   idiv.o
        36          8          0          0          0         68   init.o
       368         12          0          0          0        168   printf1.o
         0          0          0          4          0          0   stdout.o
        44          0          0          0          0         72   uidiv.o

    ----------------------------------------------------------------------
       540         28          0          4          4        380   Library Totals
         2          0          0          0          4          0   (incl. Padding)

    ----------------------------------------------------------------------

      Code (inc. data)   RO Data    RW Data    ZI Data      Debug   Library Name

       538         28          0          4          0        380   mc_p.l

    ----------------------------------------------------------------------
       540         28          0          4          4        380   Library Totals

    ----------------------------------------------------------------------

==============================================================================


      Code (inc. data)   RO Data    RW Data    ZI Data      Debug   

      5004        462        280         76       2052     618521   Grand Totals
      5004        462        280         76       2052     618521   ELF Image Totals
      5004        462        280         76          0          0   ROM Totals

==============================================================================

    Total RO  Size (Code + RO Data)                 5284 (   5.16kB)
    Total RW  Size (RW Data + ZI Data)              2128 (   2.08kB)
    Total ROM Size (Code + RO Data + RW Data)       5360 (   5.23kB)

==============================================================================

